Microchip MPLAB XC8 Compiler V1.35 ()

Linker command line:

--edf=C:\Program Files (x86)\Microchip\xc8\v1.35\dat\en_msgs.txt -cs \
  -h+dist/default/production\OBC1.X.production.sym \
  --cmf=dist/default/production\OBC1.X.production.cmf -z -Q16F877A \
  -oC:\Users\Tetsuya\AppData\Local\Temp\s9e8.2 \
  -Mdist/default/production/OBC1.X.production.map -E1 -ver=XC8 \
  -ASTACK=0110h-016fh -pstack=STACK -ACODE=00h-07FFhx4 -ASTRCODE=00h-01FFFh \
  -ASTRING=00h-0FFhx32 -ACONST=00h-0FFhx32 -AENTRY=00h-0FFhx32 \
  -ACOMMON=070h-07Fh -ABANK0=020h-06Fh -ABANK1=0A0h-0EFh \
  -ABANK2=0110h-016Fh -ABANK3=0190h-01EFh \
  -ARAM=020h-06Fh,0A0h-0EFh,0110h-016Fh,0190h-01EFh \
  -AABS1=020h-07Fh,0A0h-0EFh,0110h-016Fh,0190h-01EFh -ASFR0=00h-01Fh \
  -ASFR1=080h-09Fh -ASFR2=0100h-010Fh -ASFR3=0180h-018Fh \
  -preset_vec=00h,intentry=04h,init,end_init -ppowerup=CODE -pcinit=CODE \
  -pfunctab=CODE -ACONFIG=02007h-02007h -pconfig=CONFIG -DCONFIG=2 \
  -AIDLOC=02000h-02003h -pidloc=IDLOC -DIDLOC=2 -AEEDATA=00h-0FFh/02100h \
  -peeprom_data=EEDATA -DEEDATA=2 -DCODE=2 -DSTRCODE=2 -DSTRING=2 -DCONST=2 \
  -DENTRY=2 -k C:\Users\Tetsuya\AppData\Local\Temp\s9e8.obj \
  dist/default/production\OBC1.X.production.obj 

Object code version is 3.11

Machine type is 16F877A



                Name                               Link     Load   Length Selector   Space Scale
C:\Users\Tetsuya\AppData\Local\Temp\s9e8.obj
                end_init                             12       12        3        8       0
                reset_vec                             0        0        3        0       0
                config                             2007     2007        1     400E       0
dist/default/production\OBC1.X.production.obj
                cinit                                15       15        C        8       0
                intentry                              4        4        E        8       0
                text10                              203      203       1F        8       0
                text9                               113      113       5E        8       0
                text8                               171      171       51        8       0
                text7                               23F      23F       14        8       0
                text6                               25F      25F        B        8       0
                text5                                B3       B3       60        8       0
                text4                               1C2      1C2       41        8       0
                text3                               222      222       1D        8       0
                text2                               27C      27C        5      4E8       0
                text1                               253      253        C        8       0
                maintext                             21       21       92        8       0
                cstackBANK0                          51       51        9       20       1
                cstackCOMMON                         70       70        D       70       1
                clrtext                             274      274        8      4E8       0
                bssBANK0                             20       20       31       20       1
                bssCOMMON                            7D       7D        1       70       1
                strings                             26A      26A        A      4D4       0

TOTAL           Name                               Link     Load   Length     Space
        CLASS   STACK          

        CLASS   CODE           
                end_init                             12       12        3         0
                cinit                                15       15        C         0
                intentry                              4        4        E         0
                reset_vec                             0        0        3         0
                text10                              203      203       1F         0
                text9                               113      113       5E         0
                text8                               171      171       51         0
                text7                               23F      23F       14         0
                text6                               25F      25F        B         0
                text5                                B3       B3       60         0
                text4                               1C2      1C2       41         0
                text3                               222      222       1D         0
                text2                               27C      27C        5         0
                text1                               253      253        C         0
                maintext                             21       21       92         0
                clrtext                             274      274        8         0

        CLASS   STRCODE        

        CLASS   STRING         
                strings                             26A      26A        A         0

        CLASS   CONST          

        CLASS   ENTRY          

        CLASS   COMMON         
                cstackCOMMON                         70       70        D         1
                bssCOMMON                            7D       7D        1         1

        CLASS   BANK0          
                cstackBANK0                          51       51        9         1
                bssBANK0                             20       20       31         1

        CLASS   BANK1          

        CLASS   BANK2          

        CLASS   BANK3          

        CLASS   RAM            

        CLASS   ABS1           
                abs_s1                               7E       7E        2         1

        CLASS   SFR0           

        CLASS   SFR1           

        CLASS   SFR2           

        CLASS   SFR3           

        CLASS   CONFIG         
                config                             2007     2007        1         0

        CLASS   IDLOC          

        CLASS   EEDATA         



SEGMENTS        Name                           Load    Length   Top    Selector   Space  Class     Delta

                reset_vec                      000000  000003  000003         0       0  CODE        2
                intentry                       000004  000266  00026A         8       0  CODE        2
                bssBANK0                       000020  00003A  00005A        20       1  BANK0       1
                cstackCOMMON                   000070  00000E  00007E        70       1  COMMON      1
                strings                        00026A  00000A  000274       4D4       0  STRING      2
                clrtext                        000274  00000D  000281       4E8       0  CODE        2
                config                         002007  000001  002008      400E       0  CONFIG      2


UNUSED ADDRESS RANGES

        Name                Unused          Largest block    Delta
        BANK0            005A-006F             16           1
        BANK1            00A0-00EF             50           1
        BANK2            0110-016F             60           1
        BANK3            0190-01EF             60           1
        CODE             0003-0003              1           2
                         0281-1FFF            800
        CONST            0003-0003              1           2
                         0281-1FFF            100
        EEDATA           2100-21FF            100           2
        ENTRY            0003-0003              1           2
                         0281-1FFF            100
        IDLOC            2000-2003              4           2
        RAM              005A-006F             16           1
                         00A0-00EF             50
                         0110-016F             60
                         0190-01EF             60
        SFR0             0000-001F             20           1
        SFR1             0080-009F             20           1
        SFR2             0100-010F             10           1
        SFR3             0180-018F             10           1
        STACK            0110-016F             60           1
        STRCODE          0003-0003              1           2
                         0281-1FFF           1D7F
        STRING           0003-0003              1           2
                         0281-1FFF            100

                                  Symbol Table

MCLR_init@nin                         cstackBANK0  0051
_ADCON0                               (abs)        001F
_ADCON0bits                           (abs)        001F
_ADCON1                               (abs)        009F
_ADRESH                               (abs)        001E
_ADRESL                               (abs)        009E
_I2CTEMP_data                         bssBANK0     004F
_INTCONbits                           (abs)        000B
_MCLR_init                            text7        023F
_PIE1bits                             (abs)        008C
_PIR1bits                             (abs)        000C
_PORTAbits                            (abs)        0005
_PORTCbits                            (abs)        0007
_PORTDbits                            (abs)        0008
_RCIF                                 (abs)        0065
_RCREG                                (abs)        001A
_RCSTA                                (abs)        0018
_SPBRG                                (abs)        0099
_SSPBUF                               (abs)        0013
_SSPCONbits                           (abs)        0014
_SSPSTATbits                          (abs)        0094
_T1CONbits                            (abs)        0010
_TRISAbits                            (abs)        0085
_TRISCbits                            (abs)        0087
_TRISDbits                            (abs)        0088
_TRISEbits                            (abs)        0089
_TXIF                                 (abs)        0064
_TXREG                                (abs)        0019
_TXSTA                                (abs)        0098
__CFG_BOREN$ON                        (abs)        0000
__CFG_CP$OFF                          (abs)        0000
__CFG_CPD$OFF                         (abs)        0000
__CFG_FOSC$HS                         (abs)        0000
__CFG_LVP$OFF                         (abs)        0000
__CFG_PWRTE$ON                        (abs)        0000
__CFG_WDTE$OFF                        (abs)        0000
__CFG_WRT$OFF                         (abs)        0000
__Habs1                               abs1         0000
__Hbank0                              bank0        0000
__Hbank1                              bank1        0000
__Hbank2                              bank2        0000
__Hbank3                              bank3        0000
__HbssBANK0                           bssBANK0     0000
__HbssCOMMON                          bssCOMMON    0000
__Hcinit                              cinit        0021
__Hclrtext                            clrtext      0000
__Hcode                               code         0000
__Hcommon                             common       0000
__Hconfig                             config       2008
__HcstackBANK0                        cstackBANK0  0000
__HcstackCOMMON                       cstackCOMMON 0000
__Heeprom_data                        eeprom_data  0000
__Hend_init                           end_init     0015
__Hfunctab                            functab      0000
__Hidloc                              idloc        0000
__Hinit                               init         0012
__Hintentry                           intentry     0012
__Hmaintext                           maintext     0000
__Hpowerup                            powerup      0000
__Hram                                ram          0000
__Hreset_vec                          reset_vec    0003
__Hsfr0                               sfr0         0000
__Hsfr1                               sfr1         0000
__Hsfr2                               sfr2         0000
__Hsfr3                               sfr3         0000
__Hspace_0                            (abs)        2008
__Hspace_1                            (abs)        007E
__Hspace_2                            (abs)        0000
__Hspace_3                            (abs)        0000
__Hstack                              stack        0000
__Hstrings                            strings      0000
__Htext                               text         0000
__Labs1                               abs1         0000
__Lbank0                              bank0        0000
__Lbank1                              bank1        0000
__Lbank2                              bank2        0000
__Lbank3                              bank3        0000
__LbssBANK0                           bssBANK0     0000
__LbssCOMMON                          bssCOMMON    0000
__Lcinit                              cinit        0015
__Lclrtext                            clrtext      0000
__Lcode                               code         0000
__Lcommon                             common       0000
__Lconfig                             config       2007
__LcstackBANK0                        cstackBANK0  0000
__LcstackCOMMON                       cstackCOMMON 0000
__Leeprom_data                        eeprom_data  0000
__Lend_init                           end_init     0012
__Lfunctab                            functab      0000
__Lidloc                              idloc        0000
__Linit                               init         0012
__Lintentry                           intentry     0004
__Lmaintext                           maintext     0000
__Lpowerup                            powerup      0000
__Lram                                ram          0000
__Lreset_vec                          reset_vec    0000
__Lsfr0                               sfr0         0000
__Lsfr1                               sfr1         0000
__Lsfr2                               sfr2         0000
__Lsfr3                               sfr3         0000
__Lspace_0                            (abs)        0000
__Lspace_1                            (abs)        0000
__Lspace_2                            (abs)        0000
__Lspace_3                            (abs)        0000
__Lstack                              stack        0000
__Lstrings                            strings      0000
__Ltext                               text         0000
__S0                                  (abs)        2008
__S1                                  (abs)        007E
__S2                                  (abs)        0000
__S3                                  (abs)        0000
___int_sp                             stack        0000
___latbits                            (abs)        0002
___sp                                 stack        0000
__end_of_MCLR_init                    text7        0253
__end_of__initialization              cinit        001D
__end_of__stringtab                   strings      0270
__end_of_ad_con_init                  text6        026A
__end_of_get_uart                     text8        01C2
__end_of_getch                        text10       0222
__end_of_main                         maintext     00B3
__end_of_spi_master_send              text5        0113
__end_of_spi_master_send_int          text4        0203
__end_of_spi_master_start             text3        023F
__end_of_sysprot_init                 text2        0281
__end_of_uart_init                    text1        025F
__end_ofbit_shift@bit_mask_for_l      strings      0273
__end_ofcheck_bit@bit_mask            strings      0274
__end_ofi1_spi_master_send            text9        0171
__end_ofuint16_to_byte_array@bit_mask strings      0272
__initialization                      cinit        0015
__pbssBANK0                           bssBANK0     0020
__pbssCOMMON                          bssCOMMON    007D
__pcstackBANK0                        cstackBANK0  0051
__pcstackCOMMON                       cstackCOMMON 0070
__pintentry                           intentry     0004
__pmaintext                           maintext     0021
__pstrings                            strings      026A
__ptext1                              text1        0253
__ptext10                             text10       0203
__ptext2                              text2        027C
__ptext3                              text3        0222
__ptext4                              text4        01C2
__ptext5                              text5        00B3
__ptext6                              text6        025F
__ptext7                              text7        023F
__ptext8                              text8        0171
__ptext9                              text9        0113
__size_of_MCLR_init                   (abs)        0000
__size_of_ad_con_init                 (abs)        0000
__size_of_get_uart                    (abs)        0000
__size_of_getch                       (abs)        0000
__size_of_main                        (abs)        0000
__size_of_spi_master_send             (abs)        0000
__size_of_spi_master_send_int         (abs)        0000
__size_of_spi_master_start            (abs)        0000
__size_of_sysprot_init                (abs)        0000
__size_of_uart_init                   (abs)        0000
__size_ofi1_spi_master_send           (abs)        0000
__stringbase                          strings      026F
__stringtab                           strings      026A
_ad_con_init                          text6        025F
_cw                                   bssBANK0     0042
_get_uart                             text8        0171
_getch                                text10       0203
_index_pos                            bssCOMMON    007D
_main                                 maintext     0021
_packet                               bssBANK0     0022
_spi_master_send                      text5        00B3
_spi_master_send_int                  text4        01C2
_spi_master_start                     text3        0222
_sysprot_init                         text2        027C
_uart_init                            text1        0253
_uart_interrupt                       bssBANK0     0020
bit_shift@bit_mask_for_l              strings      0272
btemp                                 (abs)        007E
check_bit@bit_mask                    strings      0273
clear_ram0                            clrtext      0274
end_of_initialization                 cinit        001D
getch@count                           cstackCOMMON 0070
i1_spi_master_send                    text9        0113
i1spi_master_send@data                cstackCOMMON 0070
i1spi_master_send@destination         cstackCOMMON 0073
i1spi_master_send@dummy               cstackCOMMON 0072
i1spi_master_send@timeout_counter     cstackCOMMON 0074
interrupt_function                    intentry     0004
intlevel0                             functab      0000
intlevel1                             functab      0000
intlevel2                             functab      0000
intlevel3                             functab      0000
intlevel4                             functab      0000
intlevel5                             functab      0000
ltemp                                 (abs)        007E
ltemp0                                (abs)        007E
ltemp1                                (abs)        0082
ltemp2                                (abs)        0086
ltemp3                                (abs)        0080
reset_vec                             reset_vec    0000
saved_w                               (abs)        007E
spi_master_send@data                  cstackBANK0  0051
spi_master_send@destination           cstackBANK0  0056
spi_master_send@dummy                 cstackBANK0  0053
spi_master_send@timeout_counter       cstackBANK0  0054
spi_master_send_int@data              cstackBANK0  0051
spi_master_send_int@destination       cstackBANK0  0056
spi_master_send_int@dummy             cstackBANK0  0053
spi_master_send_int@timeout_counter   cstackBANK0  0054
stackhi                               (abs)        0000
stacklo                               (abs)        0000
start                                 init         0012
start_initialization                  cinit        0015
ttemp                                 (abs)        007E
ttemp0                                (abs)        007E
ttemp1                                (abs)        0081
ttemp2                                (abs)        0084
ttemp3                                (abs)        0087
ttemp4                                (abs)        007F
uint16_to_byte_array@bit_mask         strings      0270
wtemp                                 (abs)        007E
wtemp0                                (abs)        007E
wtemp1                                (abs)        0080
wtemp2                                (abs)        0082
wtemp3                                (abs)        0084
wtemp4                                (abs)        0086
wtemp5                                (abs)        0088
wtemp6                                (abs)        007F


FUNCTION INFORMATION:

 *************** function _main *****************
 Defined at:
		line 31 in file "OBC1_main.c"
 Parameters:    Size  Location     Type
		None
 Auto vars:     Size  Location     Type
		None
 Return value:  Size  Location     Type
                  2   32[None  ] int 
 Registers used:
		wreg, fsr0l, fsr0h, status,2, status,0, pclath, cstack
 Tracked objects:
		On entry : 
		On exit  : 
		Unchanged: 
 Data sizes:     COMMON   BANK0   BANK1   BANK3   BANK2
      Params:         0       0       0       0       0
      Locals:         0       0       0       0       0
      Temps:          0       3       0       0       0
      Totals:         0       3       0       0       0
Total ram usage:        3 bytes
 Hardware stack levels required when called:    3
 This function calls:
		_MCLR_init
		_ad_con_init
		_spi_master_send
		_spi_master_send_int
		_spi_master_start
		_sysprot_init
		_uart_init
 This function is called by:
		Startup code after reset
 This function uses a non-reentrant model


 *************** function _uart_init *****************
 Defined at:
		line 34 in file "uart_serial.c"
 Parameters:    Size  Location     Type
		None
 Auto vars:     Size  Location     Type
		None
 Return value:  Size  Location     Type
		None               void
 Registers used:
		wreg
 Tracked objects:
		On entry : 
		On exit  : 
		Unchanged: 
 Data sizes:     COMMON   BANK0   BANK1   BANK3   BANK2
      Params:         0       0       0       0       0
      Locals:         0       0       0       0       0
      Temps:          0       0       0       0       0
      Totals:         0       0       0       0       0
Total ram usage:        0 bytes
 Hardware stack levels used:    1
 Hardware stack levels required when called:    2
 This function calls:
		Nothing
 This function is called by:
		_main
 This function uses a non-reentrant model


 *************** function _sysprot_init *****************
 Defined at:
		line 85 in file "system_protocol.c"
 Parameters:    Size  Location     Type
		None
 Auto vars:     Size  Location     Type
		None
 Return value:  Size  Location     Type
		None               void
 Registers used:
		None
 Tracked objects:
		On entry : 
		On exit  : 
		Unchanged: 
 Data sizes:     COMMON   BANK0   BANK1   BANK3   BANK2
      Params:         0       0       0       0       0
      Locals:         0       0       0       0       0
      Temps:          0       0       0       0       0
      Totals:         0       0       0       0       0
Total ram usage:        0 bytes
 Hardware stack levels used:    1
 Hardware stack levels required when called:    2
 This function calls:
		Nothing
 This function is called by:
		_main
 This function uses a non-reentrant model


 *************** function _spi_master_start *****************
 Defined at:
		line 36 in file "spi_master.c"
 Parameters:    Size  Location     Type
		None
 Auto vars:     Size  Location     Type
		None
 Return value:  Size  Location     Type
		None               void
 Registers used:
		None
 Tracked objects:
		On entry : 
		On exit  : 
		Unchanged: 
 Data sizes:     COMMON   BANK0   BANK1   BANK3   BANK2
      Params:         0       0       0       0       0
      Locals:         0       0       0       0       0
      Temps:          0       0       0       0       0
      Totals:         0       0       0       0       0
Total ram usage:        0 bytes
 Hardware stack levels used:    1
 Hardware stack levels required when called:    2
 This function calls:
		Nothing
 This function is called by:
		_main
		_get_cw_data
 This function uses a non-reentrant model


 *************** function _spi_master_send_int *****************
 Defined at:
		line 154 in file "spi_master.c"
 Parameters:    Size  Location     Type
  destination     1    wreg     enum E1099
  data            1    0[BANK0 ] unsigned char 
 Auto vars:     Size  Location     Type
  destination     1    5[BANK0 ] enum E1099
  timeout_coun    2    3[BANK0 ] unsigned int 
  dummy           1    2[BANK0 ] unsigned char 
 Return value:  Size  Location     Type
		None               void
 Registers used:
		wreg, fsr0l, fsr0h, status,2, status,0
 Tracked objects:
		On entry : 
		On exit  : 
		Unchanged: 
 Data sizes:     COMMON   BANK0   BANK1   BANK3   BANK2
      Params:         0       1       0       0       0
      Locals:         0       4       0       0       0
      Temps:          0       1       0       0       0
      Totals:         0       6       0       0       0
Total ram usage:        6 bytes
 Hardware stack levels used:    1
 Hardware stack levels required when called:    2
 This function calls:
		Nothing
 This function is called by:
		_main
 This function uses a non-reentrant model


 *************** function _spi_master_send *****************
 Defined at:
		line 232 in file "spi_master.c"
 Parameters:    Size  Location     Type
  destination     1    wreg     enum E1099
  data            1    0[BANK0 ] unsigned char 
 Auto vars:     Size  Location     Type
  destination     1    5[BANK0 ] enum E1099
  timeout_coun    2    3[BANK0 ] unsigned int 
  dummy           1    2[BANK0 ] unsigned char 
 Return value:  Size  Location     Type
		None               void
 Registers used:
		wreg, fsr0l, fsr0h, status,2, status,0
 Tracked objects:
		On entry : 
		On exit  : 
		Unchanged: 
 Data sizes:     COMMON   BANK0   BANK1   BANK3   BANK2
      Params:         0       1       0       0       0
      Locals:         0       4       0       0       0
      Temps:          0       1       0       0       0
      Totals:         0       6       0       0       0
Total ram usage:        6 bytes
 Hardware stack levels used:    1
 Hardware stack levels required when called:    2
 This function calls:
		Nothing
 This function is called by:
		_main
		_send_payload
		_packet_send_master
		_COM_status
		_POW_status
		_command
 This function uses a non-reentrant model


 *************** function _ad_con_init *****************
 Defined at:
		line 49 in file "AD_value.c"
 Parameters:    Size  Location     Type
		None
 Auto vars:     Size  Location     Type
		None
 Return value:  Size  Location     Type
		None               void
 Registers used:
		wreg
 Tracked objects:
		On entry : 
		On exit  : 
		Unchanged: 
 Data sizes:     COMMON   BANK0   BANK1   BANK3   BANK2
      Params:         0       0       0       0       0
      Locals:         0       0       0       0       0
      Temps:          0       0       0       0       0
      Totals:         0       0       0       0       0
Total ram usage:        0 bytes
 Hardware stack levels used:    1
 Hardware stack levels required when called:    2
 This function calls:
		Nothing
 This function is called by:
		_main
 This function uses a non-reentrant model


 *************** function _MCLR_init *****************
 Defined at:
		line 35 in file "MCLR_reset.c"
 Parameters:    Size  Location     Type
		None
 Auto vars:     Size  Location     Type
  nin             2    0[BANK0 ] PTR unsigned char 
		 -> RAM(512), 
 Return value:  Size  Location     Type
		None               void
 Registers used:
		wreg, fsr0l, fsr0h
 Tracked objects:
		On entry : 
		On exit  : 
		Unchanged: 
 Data sizes:     COMMON   BANK0   BANK1   BANK3   BANK2
      Params:         0       0       0       0       0
      Locals:         0       2       0       0       0
      Temps:          0       0       0       0       0
      Totals:         0       2       0       0       0
Total ram usage:        2 bytes
 Hardware stack levels used:    1
 Hardware stack levels required when called:    2
 This function calls:
		Nothing
 This function is called by:
		_main
 This function uses a non-reentrant model


 *************** function _get_uart *****************
 Defined at:
		line 121 in file "OBC1_main.c"
 Parameters:    Size  Location     Type
		None
 Auto vars:     Size  Location     Type
		None
 Return value:  Size  Location     Type
		None               void
 Registers used:
		wreg, fsr0l, fsr0h, status,2, status,0, btemp+1, pclath, cstack
 Tracked objects:
		On entry : 
		On exit  : 
		Unchanged: 
 Data sizes:     COMMON   BANK0   BANK1   BANK3   BANK2
      Params:         0       0       0       0       0
      Locals:         0       0       0       0       0
      Temps:          7       0       0       0       0
      Totals:         7       0       0       0       0
Total ram usage:        7 bytes
 Hardware stack levels used:    1
 Hardware stack levels required when called:    1
 This function calls:
		_getch
		i1_spi_master_send
 This function is called by:
		Interrupt level 1
 This function uses a non-reentrant model


 *************** function i1_spi_master_send *****************
 Defined at:
		line 232 in file "spi_master.c"
 Parameters:    Size  Location     Type
  destination     1    wreg     enum E1099
  data            1    0[COMMON] unsigned char 
 Auto vars:     Size  Location     Type
  destination     1    3[COMMON] enum E1099
  spi_master_s    2    4[COMMON] unsigned int 
  spi_master_s    1    2[COMMON] unsigned char 
 Return value:  Size  Location     Type
		None               void
 Registers used:
		wreg, fsr0l, fsr0h, status,2, status,0
 Tracked objects:
		On entry : 
		On exit  : 
		Unchanged: 
 Data sizes:     COMMON   BANK0   BANK1   BANK3   BANK2
      Params:         1       0       0       0       0
      Locals:         4       0       0       0       0
      Temps:          1       0       0       0       0
      Totals:         6       0       0       0       0
Total ram usage:        6 bytes
 Hardware stack levels used:    1
 This function calls:
		Nothing
 This function is called by:
		_get_uart
 This function uses a non-reentrant model


 *************** function _getch *****************
 Defined at:
		line 90 in file "uart_serial.c"
 Parameters:    Size  Location     Type
		None
 Auto vars:     Size  Location     Type
  count           2    0[COMMON] int 
 Return value:  Size  Location     Type
                  1    wreg      unsigned char 
 Registers used:
		wreg, status,2, btemp+1
 Tracked objects:
		On entry : 
		On exit  : 
		Unchanged: 
 Data sizes:     COMMON   BANK0   BANK1   BANK3   BANK2
      Params:         0       0       0       0       0
      Locals:         2       0       0       0       0
      Temps:          0       0       0       0       0
      Totals:         2       0       0       0       0
Total ram usage:        2 bytes
 Hardware stack levels used:    1
 This function calls:
		Nothing
 This function is called by:
		_get_uart
 This function uses a non-reentrant model



MODULE INFORMATION

Module		Function		Class		Link	Load	Size
MCLR_reset.c
		_MCLR_init     		CODE           	023F	0000	21

MCLR_reset.c estimated size: 21

system_protocol.c
		_sysprot_init  		CODE           	027C	0000	6

system_protocol.c estimated size: 6

OBC1_main.c
		_main          		CODE           	0021	0000	147
		_get_uart      		CODE           	0171	0000	82

OBC1_main.c estimated size: 229

spi_master.c
		_spi_master_send_int		CODE           	01C2	0000	66
		_spi_master_send		CODE           	00B3	0000	97
		_spi_master_start		CODE           	0222	0000	30

spi_master.c estimated size: 193

AD_value.c
		_ad_con_init   		CODE           	025F	0000	12

AD_value.c estimated size: 12

shared
		__stringtab    		STRING         	026A	0000	7
		i1_spi_master_send		CODE           	0113	0000	95
		check_bit@bit_mask		STRING         	0273	0000	2
		__initialization		CODE           	0015	0000	9
		uint16_to_byte_array@bit_mask		STRING         	0270	0000	3
		bit_shift@bit_mask_for_l		STRING         	0272	0000	2

shared estimated size: 118

uart_serial.c
		_uart_init     		CODE           	0253	0000	13
		_getch         		CODE           	0203	0000	32

uart_serial.c estimated size: 45

