Microchip MPLAB XC8 Compiler V1.35 ()

Linker command line:

--edf=/Applications/microchip/xc8/v1.35/dat/en_msgs.txt -cs \
  -h+dist/default/production/OBC1.X.production.sym \
  --cmf=dist/default/production/OBC1.X.production.cmf -z -Q16F877A \
  -o/tmp/xcEuc7W9h -Mdist/default/production/OBC1.X.production.map -E1 \
  -ver=XC8 -ASTACK=0110h-016fh -pstack=STACK -ACODE=00h-07FFhx4 \
  -ASTRCODE=00h-01FFFh -ASTRING=00h-0FFhx32 -ACONST=00h-0FFhx32 \
  -AENTRY=00h-0FFhx32 -ACOMMON=070h-07Fh -ABANK0=020h-06Fh \
  -ABANK1=0A0h-0EFh -ABANK2=0110h-016Fh -ABANK3=0190h-01EFh \
  -ARAM=020h-06Fh,0A0h-0EFh,0110h-016Fh,0190h-01EFh \
  -AABS1=020h-07Fh,0A0h-0EFh,0110h-016Fh,0190h-01EFh -ASFR0=00h-01Fh \
  -ASFR1=080h-09Fh -ASFR2=0100h-010Fh -ASFR3=0180h-018Fh \
  -preset_vec=00h,intentry,init,end_init -ppowerup=CODE -pcinit=CODE \
  -pfunctab=CODE -ACONFIG=02007h-02007h -pconfig=CONFIG -DCONFIG=2 \
  -AIDLOC=02000h-02003h -pidloc=IDLOC -DIDLOC=2 -AEEDATA=00h-0FFh/02100h \
  -peeprom_data=EEDATA -DEEDATA=2 -DCODE=2 -DSTRCODE=2 -DSTRING=2 -DCONST=2 \
  -DENTRY=2 -k /tmp/xcv5zOnKw.obj \
  dist/default/production/OBC1.X.production.obj 

Object code version is 3.11

Machine type is 16F877A



                Name                               Link     Load   Length Selector   Space Scale
/tmp/xcv5zOnKw.obj
                end_init                              0        0        3        0       0
                config                             2007     2007        1     400E       0
dist/default/production/OBC1.X.production.obj
                cinit                               7F5      7F5        B      FEA       0
                text28                              17D      17D       2A      2FA       0
                text27                              615      615       80      C2A       0
                text26                              2FE      2FE       36      5FC       0
                text25                              114      114       20      228       0
                text24                              4F9      4F9       5C      9F2       0
                text23                               F5       F5       1F      1EA       0
                text22                              695      695       87      D2A       0
                text21                              555      555       60      AAA       0
                text20                              334      334       42      668       0
                text19                              1D5      1D5       30      3AA       0
                text18                               E1       E1       14      1C2       0
                text17                              134      134       21      268       0
                text16                              298      298       33      530       0
                text15                              235      235       31      46A       0
                text14                              205      205       30      40A       0
                text13                              2CB      2CB       33      596       0
                text12                              5B5      5B5       60      B6A       0
                text11                               C5       C5        8      18A       0
                text10                              155      155       28      2AA       0
                text9                               446      446       59      88C       0
                text8                               3FB      3FB       4B      7F6       0
                text7                               1A7      1A7       2E      34E       0
                text6                               49F      49F       5A      93E       0
                text5                               376      376       42      6EC       0
                text4                               3B8      3B8       43      770       0
                text3                               266      266       32      4CC       0
                text2                                C0       C0        5      180       0
                text1                                D5       D5        C      1AA       0
                maintext                            71C      71C       D9      E38       0
                cstackBANK0                          4E       4E       21       20       1
                cstackCOMMON                         70       70        E       70       1
                clrtext                              CD       CD        8      19A       0
                bssBANK0                             20       20       2E       20       1
                strings                               3        3       33        6       0

TOTAL           Name                               Link     Load   Length     Space
        CLASS   STACK          

        CLASS   CODE           
                end_init                              0        0        3         0
                cinit                               7F5      7F5        B         0
                text28                              17D      17D       2A         0
                text27                              615      615       80         0
                text26                              2FE      2FE       36         0
                text25                              114      114       20         0
                text24                              4F9      4F9       5C         0
                text23                               F5       F5       1F         0
                text22                              695      695       87         0
                text21                              555      555       60         0
                text20                              334      334       42         0
                text19                              1D5      1D5       30         0
                text18                               E1       E1       14         0
                text17                              134      134       21         0
                text16                              298      298       33         0
                text15                              235      235       31         0
                text14                              205      205       30         0
                text13                              2CB      2CB       33         0
                text12                              5B5      5B5       60         0
                text11                               C5       C5        8         0
                text10                              155      155       28         0
                text9                               446      446       59         0
                text8                               3FB      3FB       4B         0
                text7                               1A7      1A7       2E         0
                text6                               49F      49F       5A         0
                text5                               376      376       42         0
                text4                               3B8      3B8       43         0
                text3                               266      266       32         0
                text2                                C0       C0        5         0
                text1                                D5       D5        C         0
                maintext                            71C      71C       D9         0
                clrtext                              CD       CD        8         0

        CLASS   STRCODE        

        CLASS   STRING         
                strings                               3        3       33         0

        CLASS   CONST          

        CLASS   ENTRY          

        CLASS   COMMON         
                cstackCOMMON                         70       70        E         1

        CLASS   BANK0          
                cstackBANK0                          4E       4E       21         1
                bssBANK0                             20       20       2E         1

        CLASS   BANK1          

        CLASS   BANK2          

        CLASS   BANK3          

        CLASS   RAM            

        CLASS   ABS1           
                abs_s1                               7E       7E        2         1

        CLASS   SFR0           

        CLASS   SFR1           

        CLASS   SFR2           

        CLASS   SFR3           

        CLASS   CONFIG         
                config                             2007     2007        1         0

        CLASS   IDLOC          

        CLASS   EEDATA         



SEGMENTS        Name                           Load    Length   Top    Selector   Space  Class     Delta

                reset_vec                      000000  000003  000003         0       0  CODE        2
                strings                        000003  000033  000036         6       0  STRING      2
                bssBANK0                       000020  00004F  00006F        20       1  BANK0       1
                cstackCOMMON                   000070  00000E  00007E        70       1  COMMON      1
                text2                          0000C0  000005  0000C5       180       0  CODE        2
                text11                         0000C5  000008  0000CD       18A       0  CODE        2
                clrtext                        0000CD  000008  0000D5       19A       0  CODE        2
                text1                          0000D5  00000C  0000E1       1AA       0  CODE        2
                text18                         0000E1  000014  0000F5       1C2       0  CODE        2
                text23                         0000F5  00001F  000114       1EA       0  CODE        2
                text25                         000114  000020  000134       228       0  CODE        2
                text17                         000134  000021  000155       268       0  CODE        2
                text10                         000155  000028  00017D       2AA       0  CODE        2
                text28                         00017D  00002A  0001A7       2FA       0  CODE        2
                text7                          0001A7  00002E  0001D5       34E       0  CODE        2
                text19                         0001D5  000030  000205       3AA       0  CODE        2
                text14                         000205  000030  000235       40A       0  CODE        2
                text15                         000235  000031  000266       46A       0  CODE        2
                text3                          000266  000032  000298       4CC       0  CODE        2
                text16                         000298  000033  0002CB       530       0  CODE        2
                text13                         0002CB  000033  0002FE       596       0  CODE        2
                text26                         0002FE  000036  000334       5FC       0  CODE        2
                text20                         000334  000042  000376       668       0  CODE        2
                text5                          000376  000042  0003B8       6EC       0  CODE        2
                text4                          0003B8  000043  0003FB       770       0  CODE        2
                text8                          0003FB  00004B  000446       7F6       0  CODE        2
                text9                          000446  000059  00049F       88C       0  CODE        2
                text6                          00049F  00005A  0004F9       93E       0  CODE        2
                text24                         0004F9  00005C  000555       9F2       0  CODE        2
                text21                         000555  000060  0005B5       AAA       0  CODE        2
                text12                         0005B5  000060  000615       B6A       0  CODE        2
                text27                         000615  000080  000695       C2A       0  CODE        2
                text22                         000695  000087  00071C       D2A       0  CODE        2
                maintext                       00071C  0000D9  0007F5       E38       0  CODE        2
                cinit                          0007F5  00000B  000800       FEA       0  CODE        2
                config                         002007  000001  002008      400E       0  CONFIG      2


UNUSED ADDRESS RANGES

        Name                Unused          Largest block    Delta
        BANK0            006F-006F              1           1
        BANK1            00A0-00EF             50           1
        BANK2            0110-016F             60           1
        BANK3            0190-01EF             60           1
        CODE             0036-00BF             8A           2
                         0800-1FFF            800
        CONST            0036-00BF             8A           2
                         0800-1FFF            100
        EEDATA           2100-21FF            100           2
        ENTRY            0036-00BF             8A           2
                         0800-1FFF            100
        IDLOC            2000-2003              4           2
        RAM              006F-006F              1           1
                         00A0-00EF             50
                         0110-016F             60
                         0190-01EF             60
        SFR0             0000-001F             20           1
        SFR1             0080-009F             20           1
        SFR2             0100-010F             10           1
        SFR3             0180-018F             10           1
        STACK            0110-016F             60           1
        STRCODE          0036-00BF             8A           2
                         0800-1FFF           1800
        STRING           0036-00BF             8A           2
                         0800-1FFF            100

                                  Symbol Table

?___awdiv                             cstackCOMMON 0070
?___awmod                             cstackCOMMON 0070
?___wmul                              cstackCOMMON 0070
?_get_adcon                           cstackCOMMON 0076
_ADCON0                               (abs)        001F
_ADCON0bits                           (abs)        001F
_ADCON1                               (abs)        009F
_ADRESH                               (abs)        001E
_ADRESL                               (abs)        009E
_PORTAbits                            (abs)        0005
_PORTCbits                            (abs)        0007
_PORTDbits                            (abs)        0008
_RCIF                                 (abs)        0065
_RCREG                                (abs)        001A
_RCSTA                                (abs)        0018
_RD7                                  (abs)        0047
_SPBRG                                (abs)        0099
_SSPBUF                               (abs)        0013
_SSPCONbits                           (abs)        0014
_SSPSTATbits                          (abs)        0094
_TRISAbits                            (abs)        0085
_TRISCbits                            (abs)        0087
_TRISD7                               (abs)        0447
_TRISDbits                            (abs)        0088
_TRISEbits                            (abs)        0089
_TXIF                                 (abs)        0064
_TXREG                                (abs)        0019
_TXSTA                                (abs)        0098
__CFG_BOREN$ON                        (abs)        0000
__CFG_CP$OFF                          (abs)        0000
__CFG_CPD$OFF                         (abs)        0000
__CFG_FOSC$HS                         (abs)        0000
__CFG_LVP$OFF                         (abs)        0000
__CFG_PWRTE$ON                        (abs)        0000
__CFG_WDTE$OFF                        (abs)        0000
__CFG_WRT$OFF                         (abs)        0000
__Habs1                               abs1         0000
__Hbank0                              bank0        0000
__Hbank1                              bank1        0000
__Hbank2                              bank2        0000
__Hbank3                              bank3        0000
__HbssBANK0                           bssBANK0     0000
__Hcinit                              cinit        0800
__Hclrtext                            clrtext      0000
__Hcode                               code         0000
__Hcommon                             common       0000
__Hconfig                             config       2008
__HcstackBANK0                        cstackBANK0  0000
__HcstackCOMMON                       cstackCOMMON 0000
__Heeprom_data                        eeprom_data  0000
__Hend_init                           end_init     0003
__Hfunctab                            functab      0000
__Hidloc                              idloc        0000
__Hinit                               init         0000
__Hintentry                           intentry     0000
__Hmaintext                           maintext     0000
__Hpowerup                            powerup      0000
__Hram                                ram          0000
__Hreset_vec                          reset_vec    0000
__Hsfr0                               sfr0         0000
__Hsfr1                               sfr1         0000
__Hsfr2                               sfr2         0000
__Hsfr3                               sfr3         0000
__Hspace_0                            (abs)        2008
__Hspace_1                            (abs)        007E
__Hspace_2                            (abs)        0000
__Hspace_3                            (abs)        0000
__Hstack                              stack        0000
__Hstrings                            strings      0000
__Htext                               text         0000
__Labs1                               abs1         0000
__Lbank0                              bank0        0000
__Lbank1                              bank1        0000
__Lbank2                              bank2        0000
__Lbank3                              bank3        0000
__LbssBANK0                           bssBANK0     0000
__Lcinit                              cinit        07F5
__Lclrtext                            clrtext      0000
__Lcode                               code         0000
__Lcommon                             common       0000
__Lconfig                             config       2007
__LcstackBANK0                        cstackBANK0  0000
__LcstackCOMMON                       cstackCOMMON 0000
__Leeprom_data                        eeprom_data  0000
__Lend_init                           end_init     0000
__Lfunctab                            functab      0000
__Lidloc                              idloc        0000
__Linit                               init         0000
__Lintentry                           intentry     0000
__Lmaintext                           maintext     0000
__Lpowerup                            powerup      0000
__Lram                                ram          0000
__Lreset_vec                          reset_vec    0000
__Lsfr0                               sfr0         0000
__Lsfr1                               sfr1         0000
__Lsfr2                               sfr2         0000
__Lsfr3                               sfr3         0000
__Lspace_0                            (abs)        0000
__Lspace_1                            (abs)        0000
__Lspace_2                            (abs)        0000
__Lspace_3                            (abs)        0000
__Lstack                              stack        0000
__Lstrings                            strings      0000
__Ltext                               text         0000
__S0                                  (abs)        2008
__S1                                  (abs)        007E
__S2                                  (abs)        0000
__S3                                  (abs)        0000
___awdiv                              text9        0446
___awdiv@counter                      cstackCOMMON 0075
___awdiv@dividend                     cstackCOMMON 0072
___awdiv@divisor                      cstackCOMMON 0070
___awdiv@quotient                     cstackCOMMON 0077
___awdiv@sign                         cstackCOMMON 0076
___awmod                              text8        03FB
___awmod@counter                      cstackCOMMON 0075
___awmod@dividend                     cstackCOMMON 0072
___awmod@divisor                      cstackCOMMON 0070
___awmod@sign                         cstackCOMMON 0076
___int_sp                             stack        0000
___latbits                            (abs)        0002
___sp                                 stack        0000
___wmul                               text17       0134
___wmul@multiplicand                  cstackCOMMON 0072
___wmul@multiplier                    cstackCOMMON 0070
___wmul@product                       cstackCOMMON 0074
__end_of___awdiv                      text9        049F
__end_of___awmod                      text8        0446
__end_of___wmul                       text17       0155
__end_of__initialization              cinit        07FC
__end_of__stringtab                   strings      0013
__end_of_bit_shift                    text26       0334
__end_of_cw_data_set                  text27       0695
__end_of_double_data_set              text15       0266
__end_of_double_to_byte_array         text16       02CB
__end_of_get_adcon                    text25       0134
__end_of_get_cw_data                  text22       071C
__end_of_main                         maintext     07F5
__end_of_packet_send_master           text19       0205
__end_of_process_1                    text7        01D5
__end_of_process_10                   text6        04F9
__end_of_process_100                  text5        03B8
__end_of_put_string                   text10       017D
__end_of_putch                        text11       00CD
__end_of_send_data_master             text18       00F5
__end_of_send_payload                 text20       0376
__end_of_sent_data_set                text12       0615
__end_of_show_packet                  text3        0298
__end_of_spi_master_receive           text24       0555
__end_of_spi_master_send              text21       05B5
__end_of_spi_master_start             text23       0114
__end_of_sysprot_init                 text2        00C5
__end_of_uart_init                    text1        00E1
__end_of_uint16_data_set              text13       02FE
__end_of_uint16_to_byte_array         text14       0235
__end_of_uint8_data_set               text28       01A7
__end_of_uint8_to_string              text4        03FB
__end_ofbit_shift@bit_mask_for_l      strings      0016
__end_ofmain@data0                    strings      0019
__end_ofmain@data1                    strings      0025
__end_ofmain@data2                    strings      0024
__end_ofmain@data3                    strings      001C
__end_ofmain@data4                    strings      001F
__end_ofmain@data5                    strings      0022
__end_ofuint16_to_byte_array@bit_mask strings      0015
__initialization                      cinit        07F5
__pbssBANK0                           bssBANK0     0020
__pcstackBANK0                        cstackBANK0  004E
__pcstackCOMMON                       cstackCOMMON 0070
__pmaintext                           maintext     071C
__pstrings                            strings      0003
__ptext1                              text1        00D5
__ptext10                             text10       0155
__ptext11                             text11       00C5
__ptext12                             text12       05B5
__ptext13                             text13       02CB
__ptext14                             text14       0205
__ptext15                             text15       0235
__ptext16                             text16       0298
__ptext17                             text17       0134
__ptext18                             text18       00E1
__ptext19                             text19       01D5
__ptext2                              text2        00C0
__ptext20                             text20       0334
__ptext21                             text21       0555
__ptext22                             text22       0695
__ptext23                             text23       00F5
__ptext24                             text24       04F9
__ptext25                             text25       0114
__ptext26                             text26       02FE
__ptext27                             text27       0615
__ptext28                             text28       017D
__ptext3                              text3        0266
__ptext4                              text4        03B8
__ptext5                              text5        0376
__ptext6                              text6        049F
__ptext7                              text7        01A7
__ptext8                              text8        03FB
__ptext9                              text9        0446
__size_of___awdiv                     (abs)        0000
__size_of___awmod                     (abs)        0000
__size_of___wmul                      (abs)        0000
__size_of_bit_shift                   (abs)        0000
__size_of_cw_data_set                 (abs)        0000
__size_of_double_data_set             (abs)        0000
__size_of_double_to_byte_array        (abs)        0000
__size_of_get_adcon                   (abs)        0000
__size_of_get_cw_data                 (abs)        0000
__size_of_main                        (abs)        0000
__size_of_packet_send_master          (abs)        0000
__size_of_process_1                   (abs)        0000
__size_of_process_10                  (abs)        0000
__size_of_process_100                 (abs)        0000
__size_of_put_string                  (abs)        0000
__size_of_putch                       (abs)        0000
__size_of_send_data_master            (abs)        0000
__size_of_send_payload                (abs)        0000
__size_of_sent_data_set               (abs)        0000
__size_of_show_packet                 (abs)        0000
__size_of_spi_master_receive          (abs)        0000
__size_of_spi_master_send             (abs)        0000
__size_of_spi_master_start            (abs)        0000
__size_of_sysprot_init                (abs)        0000
__size_of_uart_init                   (abs)        0000
__size_of_uint16_data_set             (abs)        0000
__size_of_uint16_to_byte_array        (abs)        0000
__size_of_uint8_data_set              (abs)        0000
__size_of_uint8_to_string             (abs)        0000
__stringbase                          strings      0012
__stringtab                           strings      0003
_bit_shift                            text26       02FE
_cw                                   bssBANK0     0041
_cw_data_set                          text27       0615
_double_data_set                      text15       0235
_double_to_byte_array                 text16       0298
_get_adcon                            text25       0114
_get_cw_data                          text22       0695
_index_pos                            bssBANK0     0020
_main                                 maintext     071C
_packet                               bssBANK0     0021
_packet_send_master                   text19       01D5
_process_1                            text7        01A7
_process_10                           text6        049F
_process_100                          text5        0376
_process_100$1205                     cstackBANK0  005D
_put_string                           text10       0155
_putch                                text11       00C5
_send_data_master                     text18       00E1
_send_payload                         text20       0334
_sent_data_set                        text12       05B5
_show_packet                          text3        0266
_spi_master_receive                   text24       04F9
_spi_master_send                      text21       0555
_spi_master_start                     text23       00F5
_sysprot_init                         text2        00C0
_uart_init                            text1        00D5
_uint16_data_set                      text13       02CB
_uint16_to_byte_array                 text14       0205
_uint8_data_set                       text28       017D
_uint8_to_string                      text4        03B8
bit_shift@bit_mask_for_l              strings      0015
bit_shift@p_ad_value                  cstackCOMMON 0075
bit_shift@p_adres                     cstackCOMMON 0070
btemp                                 (abs)        007E
clear_ram0                            clrtext      00CD
cw_data_set@p_cw_data                 cstackCOMMON 0075
double_data_set@buf                   cstackBANK0  004E
double_data_set@data_len              cstackCOMMON 0079
double_data_set@i                     cstackBANK0  0054
double_data_set@p_data                cstackBANK0  0053
double_to_byte_array@converter        cstackCOMMON 0073
double_to_byte_array@i                cstackCOMMON 0078
double_to_byte_array@p_data           cstackCOMMON 0077
double_to_byte_array@p_data_array     cstackCOMMON 0070
end_of_initialization                 cinit        07FC
get_adcon@ad_value                    cstackCOMMON 007B
get_adcon@my_adres                    cstackCOMMON 0079
get_cw_data@buf                       cstackBANK0  004E
intlevel0                             functab      0000
intlevel1                             functab      0000
intlevel2                             functab      0000
intlevel3                             functab      0000
intlevel4                             functab      0000
intlevel5                             functab      0000
ltemp                                 (abs)        007E
ltemp0                                (abs)        007E
ltemp1                                (abs)        0082
ltemp2                                (abs)        0086
ltemp3                                (abs)        0080
main@data0                            strings      0016
main@data1                            strings      0024
main@data2                            strings      0022
main@data3                            strings      0019
main@data4                            strings      001C
main@data5                            strings      001F
packet_send_master@destination        cstackBANK0  004E
packet_send_master@p_packet           cstackCOMMON 007C
process_100@num                       cstackBANK0  005E
process_100@p_flag                    cstackBANK0  0059
process_100@p_str_buf                 cstackBANK0  0058
process_10@divide                     cstackBANK0  0054
process_10@i                          cstackBANK0  0056
process_10@num                        cstackBANK0  0057
process_10@p_flag                     cstackBANK0  004F
process_10@p_str_buf                  cstackBANK0  004E
process_10@val                        cstackBANK0  0055
process_1@i                           cstackCOMMON 007C
process_1@num                         cstackCOMMON 007B
process_1@p_flag                      cstackCOMMON 0078
process_1@p_str_buf                   cstackCOMMON 0077
process_1@val                         cstackCOMMON 007D
put_string@str                        cstackCOMMON 0071
putch@byte                            cstackCOMMON 0070
reset_vec                             reset_vec    0000
send_data_master@data_end_command     cstackBANK0  0050
send_data_master@data_type            cstackBANK0  004F
send_data_master@destination          cstackBANK0  0052
send_payload@data_len                 cstackCOMMON 0078
send_payload@destination              cstackCOMMON 007B
send_payload@i                        cstackCOMMON 0079
send_payload@index_pos                cstackCOMMON 007A
send_payload@p_payload                cstackCOMMON 0076
sent_data_set@byte_of_data            cstackCOMMON 007D
sent_data_set@data_len                cstackCOMMON 007C
sent_data_set@p_data                  cstackBANK0  005A
show_packet@buf                       cstackBANK0  0067
show_packet@i                         cstackBANK0  006B
spi_master_receive@destination        cstackCOMMON 0074
spi_master_receive@dummy              cstackCOMMON 0071
spi_master_receive@timeout_counter    cstackCOMMON 0072
spi_master_send@data                  cstackCOMMON 0070
spi_master_send@destination           cstackCOMMON 0075
spi_master_send@dummy                 cstackCOMMON 0072
spi_master_send@timeout_counter       cstackCOMMON 0073
stackhi                               (abs)        0000
stacklo                               (abs)        0000
start                                 init         0000
start_initialization                  cinit        07F5
ttemp                                 (abs)        007E
ttemp0                                (abs)        007E
ttemp1                                (abs)        0081
ttemp2                                (abs)        0084
ttemp3                                (abs)        0087
ttemp4                                (abs)        007F
uint16_data_set@buf                   cstackCOMMON 0077
uint16_data_set@data_len              cstackCOMMON 0075
uint16_data_set@i                     cstackCOMMON 007B
uint16_data_set@p_data                cstackCOMMON 007A
uint16_to_byte_array@bit_mask         strings      0013
uint16_to_byte_array@p_data           cstackCOMMON 0074
uint16_to_byte_array@p_data_array     cstackCOMMON 0070
uint8_data_set@data_len               cstackCOMMON 0072
uint8_data_set@p_data                 cstackCOMMON 0070
uint8_to_string@buf_size              cstackBANK0  0060
uint8_to_string@flag                  cstackBANK0  0063
uint8_to_string@num                   cstackBANK0  0064
uint8_to_string@p_str_buf             cstackBANK0  005F
wtemp                                 (abs)        007E
wtemp0                                (abs)        007E
wtemp1                                (abs)        0080
wtemp2                                (abs)        0082
wtemp3                                (abs)        0084
wtemp4                                (abs)        0086
wtemp5                                (abs)        0088
wtemp6                                (abs)        007F


FUNCTION INFORMATION:

 *************** function _main *****************
 Defined at:
		line 31 in file "OBC1_main.c"
 Parameters:    Size  Location     Type
		None
 Auto vars:     Size  Location     Type
		None
 Return value:  Size  Location     Type
                  2   28[None  ] int 
 Registers used:
		wreg, fsr0l, fsr0h, status,2, status,0, btemp+1, pclath, cstack
 Tracked objects:
		On entry : 
		On exit  : 
		Unchanged: 
 Data sizes:     COMMON   BANK0   BANK1   BANK3   BANK2
      Params:         0       0       0       0       0
      Locals:         0       0       0       0       0
      Temps:          0       3       0       0       0
      Totals:         0       3       0       0       0
Total ram usage:        3 bytes
 Hardware stack levels required when called:    5
 This function calls:
		_cw_data_set
		_get_cw_data
		_put_string
		_send_data_master
		_sent_data_set
		_show_packet
		_sysprot_init
		_uart_init
 This function is called by:
		Startup code after reset
 This function uses a non-reentrant model


 *************** function _uart_init *****************
 Defined at:
		line 33 in file "uart_serial.c"
 Parameters:    Size  Location     Type
		None
 Auto vars:     Size  Location     Type
		None
 Return value:  Size  Location     Type
		None               void
 Registers used:
		wreg
 Tracked objects:
		On entry : 
		On exit  : 
		Unchanged: 
 Data sizes:     COMMON   BANK0   BANK1   BANK3   BANK2
      Params:         0       0       0       0       0
      Locals:         0       0       0       0       0
      Temps:          0       0       0       0       0
      Totals:         0       0       0       0       0
Total ram usage:        0 bytes
 Hardware stack levels used:    1
 This function calls:
		Nothing
 This function is called by:
		_main
 This function uses a non-reentrant model


 *************** function _sysprot_init *****************
 Defined at:
		line 90 in file "system_protocol.c"
 Parameters:    Size  Location     Type
		None
 Auto vars:     Size  Location     Type
		None
 Return value:  Size  Location     Type
		None               void
 Registers used:
		None
 Tracked objects:
		On entry : 
		On exit  : 
		Unchanged: 
 Data sizes:     COMMON   BANK0   BANK1   BANK3   BANK2
      Params:         0       0       0       0       0
      Locals:         0       0       0       0       0
      Temps:          0       0       0       0       0
      Totals:         0       0       0       0       0
Total ram usage:        0 bytes
 Hardware stack levels used:    1
 This function calls:
		Nothing
 This function is called by:
		_main
 This function uses a non-reentrant model


 *************** function _show_packet *****************
 Defined at:
		line 519 in file "system_protocol.c"
 Parameters:    Size  Location     Type
		None
 Auto vars:     Size  Location     Type
  buf             4   25[BANK0 ] unsigned char [4]
  i               1   29[BANK0 ] unsigned char 
 Return value:  Size  Location     Type
		None               void
 Registers used:
		wreg, fsr0l, fsr0h, status,2, status,0, btemp+1, pclath, cstack
 Tracked objects:
		On entry : 
		On exit  : 
		Unchanged: 
 Data sizes:     COMMON   BANK0   BANK1   BANK3   BANK2
      Params:         0       0       0       0       0
      Locals:         0       5       0       0       0
      Temps:          0       2       0       0       0
      Totals:         0       7       0       0       0
Total ram usage:        7 bytes
 Hardware stack levels used:    1
 Hardware stack levels required when called:    4
 This function calls:
		_put_string
		_uint8_to_string
 This function is called by:
		_main
 This function uses a non-reentrant model


 *************** function _uint8_to_string *****************
 Defined at:
		line 35 in file "uint8_to_string.c"
 Parameters:    Size  Location     Type
  num             1    wreg     unsigned char 
  p_str_buf       1   17[BANK0 ] PTR unsigned char 
		 -> show_packet@buf(4), 
  buf_size        1   18[BANK0 ] unsigned char 
 Auto vars:     Size  Location     Type
  num             1   22[BANK0 ] unsigned char 
  flag            1   21[BANK0 ] unsigned char 
 Return value:  Size  Location     Type
		None               void
 Registers used:
		wreg, fsr0l, fsr0h, status,2, status,0, pclath, cstack
 Tracked objects:
		On entry : 
		On exit  : 
		Unchanged: 
 Data sizes:     COMMON   BANK0   BANK1   BANK3   BANK2
      Params:         0       2       0       0       0
      Locals:         0       2       0       0       0
      Temps:          0       2       0       0       0
      Totals:         0       6       0       0       0
Total ram usage:        6 bytes
 Hardware stack levels used:    1
 Hardware stack levels required when called:    3
 This function calls:
		_process_1
		_process_10
		_process_100
 This function is called by:
		_show_packet
 This function uses a non-reentrant model


 *************** function _process_100 *****************
 Defined at:
		line 64 in file "uint8_to_string.c"
 Parameters:    Size  Location     Type
  num             1    wreg     unsigned char 
  p_str_buf       1   10[BANK0 ] PTR unsigned char 
		 -> show_packet@buf(4), 
  p_flag          1   11[BANK0 ] PTR unsigned char 
		 -> uint8_to_string@flag(1), 
 Auto vars:     Size  Location     Type
  num             1   16[BANK0 ] unsigned char 
 Return value:  Size  Location     Type
		None               void
 Registers used:
		wreg, fsr0l, fsr0h, status,2, status,0, pclath, cstack
 Tracked objects:
		On entry : 
		On exit  : 
		Unchanged: 
 Data sizes:     COMMON   BANK0   BANK1   BANK3   BANK2
      Params:         0       2       0       0       0
      Locals:         0       2       0       0       0
      Temps:          0       3       0       0       0
      Totals:         0       7       0       0       0
Total ram usage:        7 bytes
 Hardware stack levels used:    1
 Hardware stack levels required when called:    2
 This function calls:
		___awmod
		_process_10
 This function is called by:
		_uint8_to_string
 This function uses a non-reentrant model


 *************** function _process_10 *****************
 Defined at:
		line 86 in file "uint8_to_string.c"
 Parameters:    Size  Location     Type
  num             1    wreg     unsigned char 
  p_str_buf       1    0[BANK0 ] PTR unsigned char 
		 -> show_packet@buf(4), 
  p_flag          1    1[BANK0 ] PTR unsigned char 
		 -> uint8_to_string@flag(1), 
 Auto vars:     Size  Location     Type
  num             1    9[BANK0 ] unsigned char 
  i               1    8[BANK0 ] unsigned char 
  val             1    7[BANK0 ] unsigned char 
  divide          1    6[BANK0 ] unsigned char 
 Return value:  Size  Location     Type
		None               void
 Registers used:
		wreg, fsr0l, fsr0h, status,2, status,0, pclath, cstack
 Tracked objects:
		On entry : 
		On exit  : 
		Unchanged: 
 Data sizes:     COMMON   BANK0   BANK1   BANK3   BANK2
      Params:         0       2       0       0       0
      Locals:         0       4       0       0       0
      Temps:          0       4       0       0       0
      Totals:         0      10       0       0       0
Total ram usage:       10 bytes
 Hardware stack levels used:    1
 Hardware stack levels required when called:    1
 This function calls:
		___awdiv
		___awmod
		_process_1
 This function is called by:
		_uint8_to_string
		_process_100
 This function uses a non-reentrant model


 *************** function _process_1 *****************
 Defined at:
		line 108 in file "uint8_to_string.c"
 Parameters:    Size  Location     Type
  num             1    wreg     unsigned char 
  p_str_buf       1    7[COMMON] PTR unsigned char 
		 -> show_packet@buf(4), 
  p_flag          1    8[COMMON] PTR unsigned char 
		 -> uint8_to_string@flag(1), 
 Auto vars:     Size  Location     Type
  num             1   11[COMMON] unsigned char 
  val             1   13[COMMON] unsigned char 
  i               1   12[COMMON] unsigned char 
 Return value:  Size  Location     Type
		None               void
 Registers used:
		wreg, fsr0l, fsr0h, status,2, status,0
 Tracked objects:
		On entry : 
		On exit  : 
		Unchanged: 
 Data sizes:     COMMON   BANK0   BANK1   BANK3   BANK2
      Params:         2       0       0       0       0
      Locals:         3       0       0       0       0
      Temps:          2       0       0       0       0
      Totals:         7       0       0       0       0
Total ram usage:        7 bytes
 Hardware stack levels used:    1
 This function calls:
		Nothing
 This function is called by:
		_uint8_to_string
		_process_10
 This function uses a non-reentrant model


 *************** function ___awmod *****************
 Defined at:
		line 6 in file "/Applications/microchip/xc8/v1.35/sources/common/awmod.c"
 Parameters:    Size  Location     Type
  divisor         2    0[COMMON] int 
  dividend        2    2[COMMON] int 
 Auto vars:     Size  Location     Type
  sign            1    6[COMMON] unsigned char 
  counter         1    5[COMMON] unsigned char 
 Return value:  Size  Location     Type
                  2    0[COMMON] int 
 Registers used:
		wreg, status,2, status,0
 Tracked objects:
		On entry : 
		On exit  : 
		Unchanged: 
 Data sizes:     COMMON   BANK0   BANK1   BANK3   BANK2
      Params:         4       0       0       0       0
      Locals:         2       0       0       0       0
      Temps:          1       0       0       0       0
      Totals:         7       0       0       0       0
Total ram usage:        7 bytes
 Hardware stack levels used:    1
 This function calls:
		Nothing
 This function is called by:
		_process_100
		_process_10
 This function uses a non-reentrant model


 *************** function ___awdiv *****************
 Defined at:
		line 6 in file "/Applications/microchip/xc8/v1.35/sources/common/awdiv.c"
 Parameters:    Size  Location     Type
  divisor         2    0[COMMON] int 
  dividend        2    2[COMMON] int 
 Auto vars:     Size  Location     Type
  quotient        2    7[COMMON] int 
  sign            1    6[COMMON] unsigned char 
  counter         1    5[COMMON] unsigned char 
 Return value:  Size  Location     Type
                  2    0[COMMON] int 
 Registers used:
		wreg, status,2, status,0
 Tracked objects:
		On entry : 
		On exit  : 
		Unchanged: 
 Data sizes:     COMMON   BANK0   BANK1   BANK3   BANK2
      Params:         4       0       0       0       0
      Locals:         4       0       0       0       0
      Temps:          1       0       0       0       0
      Totals:         9       0       0       0       0
Total ram usage:        9 bytes
 Hardware stack levels used:    1
 This function calls:
		Nothing
 This function is called by:
		_process_10
 This function uses a non-reentrant model


 *************** function _put_string *****************
 Defined at:
		line 72 in file "uart_serial.c"
 Parameters:    Size  Location     Type
  str             2    1[COMMON] PTR unsigned char 
		 -> STR_2(3), show_packet@buf(4), STR_1(17), 
 Auto vars:     Size  Location     Type
		None
 Return value:  Size  Location     Type
		None               void
 Registers used:
		wreg, fsr0l, fsr0h, status,2, status,0, btemp+1, pclath, cstack
 Tracked objects:
		On entry : 
		On exit  : 
		Unchanged: 
 Data sizes:     COMMON   BANK0   BANK1   BANK3   BANK2
      Params:         2       0       0       0       0
      Locals:         0       0       0       0       0
      Temps:          0       0       0       0       0
      Totals:         2       0       0       0       0
Total ram usage:        2 bytes
 Hardware stack levels used:    1
 Hardware stack levels required when called:    1
 This function calls:
		_putch
 This function is called by:
		_main
		_show_packet
 This function uses a non-reentrant model


 *************** function _putch *****************
 Defined at:
		line 52 in file "uart_serial.c"
 Parameters:    Size  Location     Type
  byte            1    wreg     unsigned char 
 Auto vars:     Size  Location     Type
  byte            1    0[COMMON] unsigned char 
 Return value:  Size  Location     Type
		None               void
 Registers used:
		wreg
 Tracked objects:
		On entry : 
		On exit  : 
		Unchanged: 
 Data sizes:     COMMON   BANK0   BANK1   BANK3   BANK2
      Params:         0       0       0       0       0
      Locals:         1       0       0       0       0
      Temps:          0       0       0       0       0
      Totals:         1       0       0       0       0
Total ram usage:        1 bytes
 Hardware stack levels used:    1
 This function calls:
		Nothing
 This function is called by:
		_put_string
 This function uses a non-reentrant model


 *************** function _sent_data_set *****************
 Defined at:
		line 147 in file "system_protocol.c"
 Parameters:    Size  Location     Type
  p_data          1    wreg     PTR void 
		 -> main@data3(3), main@data1(1), main@data5(3), main@data2(2), 
		 -> main@data4(3), main@data0(3), 
  data_len        1   12[COMMON] unsigned char 
  byte_of_data    1   13[COMMON] unsigned char 
 Auto vars:     Size  Location     Type
  p_data          1   12[BANK0 ] PTR void 
		 -> main@data3(3), main@data1(1), main@data5(3), main@data2(2), 
		 -> main@data4(3), main@data0(3), 
 Return value:  Size  Location     Type
                  1    wreg      unsigned char 
 Registers used:
		wreg, fsr0l, fsr0h, status,2, status,0, btemp+1, pclath, cstack
 Tracked objects:
		On entry : 
		On exit  : 
		Unchanged: 
 Data sizes:     COMMON   BANK0   BANK1   BANK3   BANK2
      Params:         2       0       0       0       0
      Locals:         0       1       0       0       0
      Temps:          0       5       0       0       0
      Totals:         2       6       0       0       0
Total ram usage:        8 bytes
 Hardware stack levels used:    1
 Hardware stack levels required when called:    3
 This function calls:
		___wmul
		_double_data_set
		_uint16_data_set
		_uint8_data_set
 This function is called by:
		_main
 This function uses a non-reentrant model


 *************** function _uint16_data_set *****************
 Defined at:
		line 288 in file "system_protocol.c"
 Parameters:    Size  Location     Type
  p_data          1    wreg     PTR unsigned int 
		 -> main@data3(3), main@data1(1), main@data5(3), main@data2(2), 
		 -> main@data4(3), main@data0(3), 
  data_len        1    5[COMMON] unsigned char 
 Auto vars:     Size  Location     Type
  p_data          1   10[COMMON] PTR unsigned int 
		 -> main@data3(3), main@data1(1), main@data5(3), main@data2(2), 
		 -> main@data4(3), main@data0(3), 
  buf             3    7[COMMON] unsigned char [3]
  i               1   11[COMMON] unsigned char 
 Return value:  Size  Location     Type
		None               void
 Registers used:
		wreg, fsr0l, fsr0h, status,2, status,0, btemp+1, pclath, cstack
 Tracked objects:
		On entry : 
		On exit  : 
		Unchanged: 
 Data sizes:     COMMON   BANK0   BANK1   BANK3   BANK2
      Params:         1       0       0       0       0
      Locals:         5       0       0       0       0
      Temps:          1       0       0       0       0
      Totals:         7       0       0       0       0
Total ram usage:        7 bytes
 Hardware stack levels used:    1
 Hardware stack levels required when called:    2
 This function calls:
		_uint16_to_byte_array
 This function is called by:
		_sent_data_set
 This function uses a non-reentrant model


 *************** function _uint16_to_byte_array *****************
 Defined at:
		line 347 in file "system_protocol.c"
 Parameters:    Size  Location     Type
  p_data          1    wreg     PTR unsigned int 
		 -> main@data3(3), main@data1(1), main@data5(3), main@data2(2), 
		 -> main@data4(3), main@data0(3), 
  p_data_array    1    0[COMMON] PTR unsigned char 
		 -> uint16_data_set@buf(3), 
 Auto vars:     Size  Location     Type
  p_data          1    4[COMMON] PTR unsigned int 
		 -> main@data3(3), main@data1(1), main@data5(3), main@data2(2), 
		 -> main@data4(3), main@data0(3), 
 Return value:  Size  Location     Type
		None               void
 Registers used:
		wreg, fsr0l, fsr0h, status,2, status,0, btemp+1, pclath
 Tracked objects:
		On entry : 
		On exit  : 
		Unchanged: 
 Data sizes:     COMMON   BANK0   BANK1   BANK3   BANK2
      Params:         1       0       0       0       0
      Locals:         1       0       0       0       0
      Temps:          3       0       0       0       0
      Totals:         5       0       0       0       0
Total ram usage:        5 bytes
 Hardware stack levels used:    2
 This function calls:
		Nothing
 This function is called by:
		_uint16_data_set
 This function uses a non-reentrant model


 *************** function _double_data_set *****************
 Defined at:
		line 317 in file "system_protocol.c"
 Parameters:    Size  Location     Type
  p_data          1    wreg     PTR 
		 -> main@data3(3), main@data1(1), main@data5(3), main@data2(2), 
		 -> main@data4(3), main@data0(3), 
  data_len        1    9[COMMON] unsigned char 
 Auto vars:     Size  Location     Type
  p_data          1    5[BANK0 ] PTR 
		 -> main@data3(3), main@data1(1), main@data5(3), main@data2(2), 
		 -> main@data4(3), main@data0(3), 
  buf             5    0[BANK0 ] unsigned char [5]
  i               1    6[BANK0 ] unsigned char 
 Return value:  Size  Location     Type
		None               void
 Registers used:
		wreg, fsr0l, fsr0h, status,2, status,0, pclath, cstack
 Tracked objects:
		On entry : 
		On exit  : 
		Unchanged: 
 Data sizes:     COMMON   BANK0   BANK1   BANK3   BANK2
      Params:         1       0       0       0       0
      Locals:         0       7       0       0       0
      Temps:          1       0       0       0       0
      Totals:         2       7       0       0       0
Total ram usage:        9 bytes
 Hardware stack levels used:    1
 Hardware stack levels required when called:    2
 This function calls:
		_double_to_byte_array
 This function is called by:
		_sent_data_set
 This function uses a non-reentrant model


 *************** function _double_to_byte_array *****************
 Defined at:
		line 369 in file "system_protocol.c"
 Parameters:    Size  Location     Type
  p_data          1    wreg     PTR 
		 -> main@data3(3), main@data1(1), main@data5(3), main@data2(2), 
		 -> main@data4(3), main@data0(3), 
  p_data_array    1    0[COMMON] PTR unsigned char 
		 -> double_data_set@buf(5), 
 Auto vars:     Size  Location     Type
  p_data          1    7[COMMON] PTR 
		 -> main@data3(3), main@data1(1), main@data5(3), main@data2(2), 
		 -> main@data4(3), main@data0(3), 
  converter       4    3[COMMON] struct .
  i               1    8[COMMON] unsigned char 
 Return value:  Size  Location     Type
		None               void
 Registers used:
		wreg, fsr0l, fsr0h, status,2, status,0, pclath
 Tracked objects:
		On entry : 
		On exit  : 
		Unchanged: 
 Data sizes:     COMMON   BANK0   BANK1   BANK3   BANK2
      Params:         1       0       0       0       0
      Locals:         6       0       0       0       0
      Temps:          2       0       0       0       0
      Totals:         9       0       0       0       0
Total ram usage:        9 bytes
 Hardware stack levels used:    2
 This function calls:
		Nothing
 This function is called by:
		_double_data_set
 This function uses a non-reentrant model


 *************** function ___wmul *****************
 Defined at:
		line 15 in file "/Applications/microchip/xc8/v1.35/sources/common/Umul16.c"
 Parameters:    Size  Location     Type
  multiplier      2    0[COMMON] unsigned int 
  multiplicand    2    2[COMMON] unsigned int 
 Auto vars:     Size  Location     Type
  product         2    4[COMMON] unsigned int 
 Return value:  Size  Location     Type
                  2    0[COMMON] unsigned int 
 Registers used:
		wreg, status,2, status,0
 Tracked objects:
		On entry : 
		On exit  : 
		Unchanged: 
 Data sizes:     COMMON   BANK0   BANK1   BANK3   BANK2
      Params:         4       0       0       0       0
      Locals:         2       0       0       0       0
      Temps:          0       0       0       0       0
      Totals:         6       0       0       0       0
Total ram usage:        6 bytes
 Hardware stack levels used:    1
 This function calls:
		Nothing
 This function is called by:
		_sent_data_set
 This function uses a non-reentrant model


 *************** function _send_data_master *****************
 Defined at:
		line 223 in file "system_protocol.c"
 Parameters:    Size  Location     Type
  destination     1    wreg     enum E1099
  data_type       1    1[BANK0 ] enum E1104
  data_end_com    1    2[BANK0 ] enum E1109
 Auto vars:     Size  Location     Type
  destination     1    4[BANK0 ] enum E1099
 Return value:  Size  Location     Type
		None               void
 Registers used:
		wreg, fsr0l, fsr0h, status,2, status,0, pclath, cstack
 Tracked objects:
		On entry : 
		On exit  : 
		Unchanged: 
 Data sizes:     COMMON   BANK0   BANK1   BANK3   BANK2
      Params:         0       2       0       0       0
      Locals:         0       1       0       0       0
      Temps:          0       1       0       0       0
      Totals:         0       4       0       0       0
Total ram usage:        4 bytes
 Hardware stack levels used:    1
 Hardware stack levels required when called:    3
 This function calls:
		_packet_send_master
 This function is called by:
		_main
 This function uses a non-reentrant model


 *************** function _packet_send_master *****************
 Defined at:
		line 472 in file "system_protocol.c"
 Parameters:    Size  Location     Type
  destination     1    wreg     enum E1099
  p_packet        1   12[COMMON] PTR struct .
		 -> packet(32), 
 Auto vars:     Size  Location     Type
  destination     1    0[BANK0 ] enum E1099
 Return value:  Size  Location     Type
		None               void
 Registers used:
		wreg, fsr0l, fsr0h, status,2, status,0, pclath, cstack
 Tracked objects:
		On entry : 
		On exit  : 
		Unchanged: 
 Data sizes:     COMMON   BANK0   BANK1   BANK3   BANK2
      Params:         1       0       0       0       0
      Locals:         0       1       0       0       0
      Temps:          1       0       0       0       0
      Totals:         2       1       0       0       0
Total ram usage:        3 bytes
 Hardware stack levels used:    1
 Hardware stack levels required when called:    2
 This function calls:
		_send_payload
		_spi_master_send
 This function is called by:
		_send_data_master
 This function uses a non-reentrant model


 *************** function _send_payload *****************
 Defined at:
		line 404 in file "system_protocol.c"
 Parameters:    Size  Location     Type
  destination     1    wreg     enum E1099
  p_payload       1    6[COMMON] PTR unsigned char 
		 -> packet(32), 
 Auto vars:     Size  Location     Type
  destination     1   11[COMMON] enum E1099
  index_pos       1   10[COMMON] unsigned char 
  i               1    9[COMMON] unsigned char 
  data_len        1    8[COMMON] unsigned char 
 Return value:  Size  Location     Type
                  1    wreg      unsigned char 
 Registers used:
		wreg, fsr0l, fsr0h, status,2, status,0, pclath, cstack
 Tracked objects:
		On entry : 
		On exit  : 
		Unchanged: 
 Data sizes:     COMMON   BANK0   BANK1   BANK3   BANK2
      Params:         1       0       0       0       0
      Locals:         4       0       0       0       0
      Temps:          1       0       0       0       0
      Totals:         6       0       0       0       0
Total ram usage:        6 bytes
 Hardware stack levels used:    1
 Hardware stack levels required when called:    1
 This function calls:
		_spi_master_send
 This function is called by:
		_packet_send_master
 This function uses a non-reentrant model


 *************** function _spi_master_send *****************
 Defined at:
		line 165 in file "spi_master.c"
 Parameters:    Size  Location     Type
  destination     1    wreg     enum E1099
  data            1    0[COMMON] unsigned char 
 Auto vars:     Size  Location     Type
  destination     1    5[COMMON] enum E1099
  timeout_coun    2    3[COMMON] unsigned int 
  dummy           1    2[COMMON] unsigned char 
 Return value:  Size  Location     Type
		None               void
 Registers used:
		wreg, fsr0l, fsr0h, status,2, status,0
 Tracked objects:
		On entry : 
		On exit  : 
		Unchanged: 
 Data sizes:     COMMON   BANK0   BANK1   BANK3   BANK2
      Params:         1       0       0       0       0
      Locals:         4       0       0       0       0
      Temps:          1       0       0       0       0
      Totals:         6       0       0       0       0
Total ram usage:        6 bytes
 Hardware stack levels used:    1
 This function calls:
		Nothing
 This function is called by:
		_send_payload
		_packet_send_master
 This function uses a non-reentrant model


 *************** function _get_cw_data *****************
 Defined at:
		line 100 in file "system_protocol.c"
 Parameters:    Size  Location     Type
		None
 Auto vars:     Size  Location     Type
  buf             2    0[BANK0 ] unsigned int 
 Return value:  Size  Location     Type
                  2   20[None  ] int 
 Registers used:
		wreg, fsr0l, fsr0h, status,2, status,0, pclath, cstack
 Tracked objects:
		On entry : 
		On exit  : 
		Unchanged: 
 Data sizes:     COMMON   BANK0   BANK1   BANK3   BANK2
      Params:         0       0       0       0       0
      Locals:         0       2       0       0       0
      Temps:          1       0       0       0       0
      Totals:         1       2       0       0       0
Total ram usage:        3 bytes
 Hardware stack levels used:    1
 Hardware stack levels required when called:    3
 This function calls:
		_get_adcon
		_spi_master_receive
		_spi_master_start
 This function is called by:
		_main
 This function uses a non-reentrant model


 *************** function _spi_master_start *****************
 Defined at:
		line 36 in file "spi_master.c"
 Parameters:    Size  Location     Type
		None
 Auto vars:     Size  Location     Type
		None
 Return value:  Size  Location     Type
		None               void
 Registers used:
		None
 Tracked objects:
		On entry : 
		On exit  : 
		Unchanged: 
 Data sizes:     COMMON   BANK0   BANK1   BANK3   BANK2
      Params:         0       0       0       0       0
      Locals:         0       0       0       0       0
      Temps:          0       0       0       0       0
      Totals:         0       0       0       0       0
Total ram usage:        0 bytes
 Hardware stack levels used:    1
 This function calls:
		Nothing
 This function is called by:
		_get_cw_data
 This function uses a non-reentrant model


 *************** function _spi_master_receive *****************
 Defined at:
		line 82 in file "spi_master.c"
 Parameters:    Size  Location     Type
  destination     1    wreg     enum E1099
 Auto vars:     Size  Location     Type
  destination     1    4[COMMON] enum E1099
  timeout_coun    2    2[COMMON] unsigned int 
  dummy           1    1[COMMON] unsigned char 
 Return value:  Size  Location     Type
                  1    wreg      unsigned char 
 Registers used:
		wreg, fsr0l, fsr0h, status,2, status,0
 Tracked objects:
		On entry : 
		On exit  : 
		Unchanged: 
 Data sizes:     COMMON   BANK0   BANK1   BANK3   BANK2
      Params:         0       0       0       0       0
      Locals:         4       0       0       0       0
      Temps:          1       0       0       0       0
      Totals:         5       0       0       0       0
Total ram usage:        5 bytes
 Hardware stack levels used:    1
 This function calls:
		Nothing
 This function is called by:
		_get_cw_data
		_receive_payload
		_packet_receive_master
 This function uses a non-reentrant model


 *************** function _get_adcon *****************
 Defined at:
		line 90 in file "AD_value.c"
 Parameters:    Size  Location     Type
		None
 Auto vars:     Size  Location     Type
  voltage_valu    3    0        unsigned char 
  ad_value        2   11[COMMON] unsigned int 
  my_adres        2    9[COMMON] struct .
 Return value:  Size  Location     Type
                  2    6[COMMON] unsigned int 
 Registers used:
		wreg, fsr0l, fsr0h, status,2, status,0, pclath, cstack
 Tracked objects:
		On entry : 
		On exit  : 
		Unchanged: 
 Data sizes:     COMMON   BANK0   BANK1   BANK3   BANK2
      Params:         2       0       0       0       0
      Locals:         4       0       0       0       0
      Temps:          1       0       0       0       0
      Totals:         7       0       0       0       0
Total ram usage:        7 bytes
 Hardware stack levels used:    1
 Hardware stack levels required when called:    2
 This function calls:
		_bit_shift
 This function is called by:
		_get_cw_data
		_get_pt
 This function uses a non-reentrant model


 *************** function _bit_shift *****************
 Defined at:
		line 70 in file "AD_value.c"
 Parameters:    Size  Location     Type
  p_ad_value      1    wreg     PTR unsigned int 
		 -> get_adcon@ad_value(2), 
  p_adres         1    0[COMMON] PTR struct .
		 -> get_adcon@my_adres(2), 
 Auto vars:     Size  Location     Type
  p_ad_value      1    5[COMMON] PTR unsigned int 
		 -> get_adcon@ad_value(2), 
 Return value:  Size  Location     Type
		None               void
 Registers used:
		wreg, fsr0l, fsr0h, status,2, status,0, pclath
 Tracked objects:
		On entry : 
		On exit  : 
		Unchanged: 
 Data sizes:     COMMON   BANK0   BANK1   BANK3   BANK2
      Params:         1       0       0       0       0
      Locals:         1       0       0       0       0
      Temps:          4       0       0       0       0
      Totals:         6       0       0       0       0
Total ram usage:        6 bytes
 Hardware stack levels used:    2
 This function calls:
		Nothing
 This function is called by:
		_get_adcon
 This function uses a non-reentrant model


 *************** function _cw_data_set *****************
 Defined at:
		line 186 in file "system_protocol.c"
 Parameters:    Size  Location     Type
  p_cw_data       1    wreg     PTR struct .
		 -> cw(13), 
 Auto vars:     Size  Location     Type
  p_cw_data       1    5[COMMON] PTR struct .
		 -> cw(13), 
 Return value:  Size  Location     Type
		None               void
 Registers used:
		wreg, fsr0l, fsr0h, status,2, status,0, btemp+1, pclath, cstack
 Tracked objects:
		On entry : 
		On exit  : 
		Unchanged: 
 Data sizes:     COMMON   BANK0   BANK1   BANK3   BANK2
      Params:         0       0       0       0       0
      Locals:         1       0       0       0       0
      Temps:          1       0       0       0       0
      Totals:         2       0       0       0       0
Total ram usage:        2 bytes
 Hardware stack levels used:    1
 Hardware stack levels required when called:    2
 This function calls:
		_uint8_data_set
 This function is called by:
		_main
 This function uses a non-reentrant model


 *************** function _uint8_data_set *****************
 Defined at:
		line 266 in file "system_protocol.c"
 Parameters:    Size  Location     Type
  p_data          2    0[COMMON] PTR unsigned char 
		 -> main@data3(3), main@data1(1), main@data5(3), main@data2(2), 
		 -> main@data4(3), main@data0(3), cw(13), 
  data_len        1    2[COMMON] unsigned char 
 Auto vars:     Size  Location     Type
		None
 Return value:  Size  Location     Type
		None               void
 Registers used:
		wreg, fsr0l, fsr0h, status,2, status,0, btemp+1, pclath
 Tracked objects:
		On entry : 
		On exit  : 
		Unchanged: 
 Data sizes:     COMMON   BANK0   BANK1   BANK3   BANK2
      Params:         3       0       0       0       0
      Locals:         0       0       0       0       0
      Temps:          1       0       0       0       0
      Totals:         4       0       0       0       0
Total ram usage:        4 bytes
 Hardware stack levels used:    2
 This function calls:
		Nothing
 This function is called by:
		_sent_data_set
		_cw_data_set
 This function uses a non-reentrant model



MODULE INFORMATION

Module		Function		Class		Link	Load	Size
system_protocol.c
		_sysprot_init  		CODE           	00C0	0000	6
		_show_packet   		CODE           	0266	0000	51
		_packet_send_master		CODE           	01D5	0000	49
		_uint16_data_set		CODE           	02CB	0000	52
		_double_data_set		CODE           	0235	0000	50
		_send_data_master		CODE           	00E1	0000	21
		_send_payload  		CODE           	0334	0000	67
		_uint8_data_set		CODE           	017D	0000	43
		_cw_data_set   		CODE           	0615	0000	129
		_sent_data_set 		CODE           	05B5	0000	97
		_get_cw_data   		CODE           	0695	0000	136
		_uint16_to_byte_array		CODE           	0205	0000	49
		_double_to_byte_array		CODE           	0298	0000	52

system_protocol.c estimated size: 802

OBC1_main.c
		_main          		CODE           	071C	0000	218

OBC1_main.c estimated size: 218

spi_master.c
		_spi_master_receive		CODE           	04F9	0000	93
		_spi_master_send		CODE           	0555	0000	97
		_spi_master_start		CODE           	00F5	0000	32

spi_master.c estimated size: 222

/Applications/microchip/xc8/v1.35/sources/common/awmod.c
		___awmod       		CODE           	03FB	0000	76

/Applications/microchip/xc8/v1.35/sources/common/awmod.c estimated size: 76

AD_value.c
		_bit_shift     		CODE           	02FE	0000	55
		_get_adcon     		CODE           	0114	0000	33

AD_value.c estimated size: 88

uint8_to_string.c
		_process_1     		CODE           	01A7	0000	47
		_process_10    		CODE           	049F	0000	91
		_process_100   		CODE           	0376	0000	67
		_uint8_to_string		CODE           	03B8	0000	68

uint8_to_string.c estimated size: 273

shared
		main@data0     		STRING         	0016	0000	4
		main@data1     		STRING         	0024	0000	2
		main@data2     		STRING         	0022	0000	3
		main@data3     		STRING         	0019	0000	4
		main@data4     		STRING         	001C	0000	4
		main@data5     		STRING         	001F	0000	4
		__stringtab    		STRING         	0003	0000	17
		__initialization		CODE           	07F5	0000	8
		uint16_to_byte_array@bit_mask		STRING         	0013	0000	3
		bit_shift@bit_mask_for_l		STRING         	0015	0000	2

shared estimated size: 51

uart_serial.c
		_put_string    		CODE           	0155	0000	41
		_putch         		CODE           	00C5	0000	9
		_uart_init     		CODE           	00D5	0000	13

uart_serial.c estimated size: 63

/Applications/microchip/xc8/v1.35/sources/common/awdiv.c
		___awdiv       		CODE           	0446	0000	90

/Applications/microchip/xc8/v1.35/sources/common/awdiv.c estimated size: 90

/Applications/microchip/xc8/v1.35/sources/common/Umul16.c
		___wmul        		CODE           	0134	0000	34

/Applications/microchip/xc8/v1.35/sources/common/Umul16.c estimated size: 34

