Microchip MPLAB XC8 Compiler V1.35 ()

Linker command line:

--edf=C:\Program Files (x86)\Microchip\xc8\v1.35\dat\en_msgs.txt -cs \
  -h+dist/default/production\OBC2.X.production.sym \
  --cmf=dist/default/production\OBC2.X.production.cmf -z -Q16F877A \
  -oC:\Users\Tetsuya\AppData\Local\Temp\scrk.2 \
  -Mdist/default/production/OBC2.X.production.map -E1 -ver=XC8 \
  -ASTACK=0110h-016fh -pstack=STACK -ACODE=00h-07FFhx4 -ASTRCODE=00h-01FFFh \
  -ASTRING=00h-0FFhx32 -ACONST=00h-0FFhx32 -AENTRY=00h-0FFhx32 \
  -ACOMMON=070h-07Fh -ABANK0=020h-06Fh -ABANK1=0A0h-0EFh \
  -ABANK2=0110h-016Fh -ABANK3=0190h-01EFh \
  -ARAM=020h-06Fh,0A0h-0EFh,0110h-016Fh,0190h-01EFh \
  -AABS1=020h-07Fh,0A0h-0EFh,0110h-016Fh,0190h-01EFh -ASFR0=00h-01Fh \
  -ASFR1=080h-09Fh -ASFR2=0100h-010Fh -ASFR3=0180h-018Fh \
  -preset_vec=00h,intentry=04h,init,end_init -ppowerup=CODE -pcinit=CODE \
  -pfunctab=CODE -ACONFIG=02007h-02007h -pconfig=CONFIG -DCONFIG=2 \
  -AIDLOC=02000h-02003h -pidloc=IDLOC -DIDLOC=2 -AEEDATA=00h-0FFh/02100h \
  -peeprom_data=EEDATA -DEEDATA=2 -DCODE=2 -DSTRCODE=2 -DSTRING=2 -DCONST=2 \
  -DENTRY=2 -k C:\Users\Tetsuya\AppData\Local\Temp\scrk.obj \
  dist/default/production\OBC2.X.production.obj 

Object code version is 3.11

Machine type is 16F877A



                Name                               Link     Load   Length Selector   Space Scale
C:\Users\Tetsuya\AppData\Local\Temp\scrk.obj
                end_init                             12       12        3        8       0
                reset_vec                             0        0        3        0       0
                config                             2007     2007        1     400E       0
dist/default/production\OBC2.X.production.obj
                cinit                                15       15        B        8       0
                intentry                              4        4        E        8       0
                text15                              27A      27A        6      4B8       0
                text14                               D6       D6       50        8       0
                text13                               83       83       53        8       0
                text12                              273      273        7      4B8       0
                text11                              1F0      1F0       1B        8       0
                text10                              126      126       45        8       0
                text9                               1D3      1D3       1D        8       0
                text8                               1A8      1A8       2B        8       0
                text7                               264      264        8      4B8       0
                text6                               16B      16B       3D        8       0
                text5                               20B      20B       1A        8       0
                text4                               23B      23B        D        8       0
                text3                               225      225       16        8       0
                text2                               26C      26C        7      4B8       0
                text1                               248      248        C        8       0
                maintext                             20       20       63        8       0
                cstackBANK0                          50       50       11       20       1
                cstackCOMMON                         70       70        E       70       1
                cstackBANK1                          A0       A0        3       A0       1
                clrtext                             25C      25C        8      4B8       0
                bssBANK0                             20       20       30       20       1
                strings                             254      254        8      4A8       0

TOTAL           Name                               Link     Load   Length     Space
        CLASS   STACK          

        CLASS   CODE           
                end_init                             12       12        3         0
                cinit                                15       15        B         0
                intentry                              4        4        E         0
                reset_vec                             0        0        3         0
                text15                              27A      27A        6         0
                text14                               D6       D6       50         0
                text13                               83       83       53         0
                text12                              273      273        7         0
                text11                              1F0      1F0       1B         0
                text10                              126      126       45         0
                text9                               1D3      1D3       1D         0
                text8                               1A8      1A8       2B         0
                text7                               264      264        8         0
                text6                               16B      16B       3D         0
                text5                               20B      20B       1A         0
                text4                               23B      23B        D         0
                text3                               225      225       16         0
                text2                               26C      26C        7         0
                text1                               248      248        C         0
                maintext                             20       20       63         0
                clrtext                             25C      25C        8         0

        CLASS   STRCODE        

        CLASS   STRING         
                strings                             254      254        8         0

        CLASS   CONST          

        CLASS   ENTRY          

        CLASS   COMMON         
                cstackCOMMON                         70       70        E         1

        CLASS   BANK0          
                cstackBANK0                          50       50       11         1
                bssBANK0                             20       20       30         1

        CLASS   BANK1          
                cstackBANK1                          A0       A0        3         1

        CLASS   BANK2          

        CLASS   BANK3          

        CLASS   RAM            

        CLASS   ABS1           
                abs_s1                               7E       7E        2         1

        CLASS   SFR0           

        CLASS   SFR1           

        CLASS   SFR2           

        CLASS   SFR3           

        CLASS   CONFIG         
                config                             2007     2007        1         0

        CLASS   IDLOC          

        CLASS   EEDATA         



SEGMENTS        Name                           Load    Length   Top    Selector   Space  Class     Delta

                reset_vec                      000000  000003  000003         0       0  CODE        2
                intentry                       000004  000250  000254         8       0  CODE        2
                bssBANK0                       000020  000041  000061        20       1  BANK0       1
                cstackCOMMON                   000070  00000E  00007E        70       1  COMMON      1
                cstackBANK1                    0000A0  000003  0000A3        A0       1  BANK1       1
                strings                        000254  000008  00025C       4A8       0  STRING      2
                clrtext                        00025C  000024  000280       4B8       0  CODE        2
                config                         002007  000001  002008      400E       0  CONFIG      2


UNUSED ADDRESS RANGES

        Name                Unused          Largest block    Delta
        BANK0            0061-006F              F           1
        BANK1            00A3-00EF             4D           1
        BANK2            0110-016F             60           1
        BANK3            0190-01EF             60           1
        CODE             0003-0003              1           2
                         0280-1FFF            800
        CONST            0003-0003              1           2
                         0280-1FFF            100
        EEDATA           2100-21FF            100           2
        ENTRY            0003-0003              1           2
                         0280-1FFF            100
        IDLOC            2000-2003              4           2
        RAM              0061-006F              F           1
                         00A3-00EF             4D
                         0110-016F             60
                         0190-01EF             60
        SFR0             0000-001F             20           1
        SFR1             0080-009F             20           1
        SFR2             0100-010F             10           1
        SFR3             0180-018F             10           1
        STACK            0110-016F             60           1
        STRCODE          0003-0003              1           2
                         0280-1FFF           1D80
        STRING           0003-0003              1           2
                         0280-1FFF            100

                                  Symbol Table

ADT_ActionMode@F1258                  bssBANK0     0020
ADT_Receive@ans                       cstackBANK0  0055
ADT_Receive@data                      cstackBANK0  0050
ADT_Receive@kosu                      cstackBANK0  0051
ADT_Receive@reg_adrs                  cstackBANK0  0054
I2C_GetData@Buffer                    cstackCOMMON 0077
I2C_GetData@CNT                       cstackCOMMON 0078
I2C_GetData@adr                       cstackCOMMON 007C
I2C_GetData@i                         cstackCOMMON 007D
I2C_GetData@slave_adr                 cstackCOMMON 007B
I2C_Out@ACK                           cstackCOMMON 0072
I2C_Out@BitPos                        cstackCOMMON 0076
I2C_Out@data                          cstackCOMMON 0073
I2C_Out@i                             cstackCOMMON 0074
I2C_Rcv@Ack                           cstackCOMMON 0072
I2C_Rcv@BitPos                        cstackCOMMON 0076
I2C_Rcv@data                          cstackCOMMON 0073
I2C_Rcv@i                             cstackCOMMON 0074
I2C_Send@adr                          cstackCOMMON 007B
I2C_Send@data                         cstackCOMMON 0077
I2C_Send@slave_adr                    cstackCOMMON 007A
OBC1_RESET_init@nin                   cstackBANK0  005F
_ADT_Receive                          text8        01A8
_I2C_GetData                          text10       0126
_I2C_Out                              text14       00D6
_I2C_Rcv                              text13       0083
_I2C_Send                             text9        01D3
_I2C_Start                            text12       0273
_I2C_Stop                             text11       01F0
_I2C_init                             text4        023B
_I2Ctemp                              text5        020B
_INTCONbits                           (abs)        000B
_OBC1_RESET_init                      text3        0225
_PIE1bits                             (abs)        008C
_PIR1bits                             (abs)        000C
_PORTCbits                            (abs)        0007
_PORTDbits                            (abs)        0008
_RCIF                                 (abs)        0065
_RCREG                                (abs)        001A
_RCSTA                                (abs)        0018
_SPBRG                                (abs)        0099
_SSPBUF                               (abs)        0013
_SSPCONbits                           (abs)        0014
_SSPSTATbits                          (abs)        0094
_TRISCbits                            (abs)        0087
_TRISDbits                            (abs)        0088
_TRISEbits                            (abs)        0089
_TXIF                                 (abs)        0064
_TXREG                                (abs)        0019
_TXSTA                                (abs)        0098
__CFG_BOREN$ON                        (abs)        0000
__CFG_CP$OFF                          (abs)        0000
__CFG_CPD$OFF                         (abs)        0000
__CFG_FOSC$HS                         (abs)        0000
__CFG_LVP$OFF                         (abs)        0000
__CFG_PWRTE$ON                        (abs)        0000
__CFG_WDTE$OFF                        (abs)        0000
__CFG_WRT$OFF                         (abs)        0000
__Habs1                               abs1         0000
__Hbank0                              bank0        0000
__Hbank1                              bank1        0000
__Hbank2                              bank2        0000
__Hbank3                              bank3        0000
__HbssBANK0                           bssBANK0     0000
__Hcinit                              cinit        0020
__Hclrtext                            clrtext      0000
__Hcode                               code         0000
__Hcommon                             common       0000
__Hconfig                             config       2008
__HcstackBANK0                        cstackBANK0  0000
__HcstackBANK1                        cstackBANK1  0000
__HcstackCOMMON                       cstackCOMMON 0000
__Heeprom_data                        eeprom_data  0000
__Hend_init                           end_init     0015
__Hfunctab                            functab      0000
__Hidloc                              idloc        0000
__Hinit                               init         0012
__Hintentry                           intentry     0012
__Hmaintext                           maintext     0000
__Hpowerup                            powerup      0000
__Hram                                ram          0000
__Hreset_vec                          reset_vec    0003
__Hsfr0                               sfr0         0000
__Hsfr1                               sfr1         0000
__Hsfr2                               sfr2         0000
__Hsfr3                               sfr3         0000
__Hspace_0                            (abs)        2008
__Hspace_1                            (abs)        00A3
__Hspace_2                            (abs)        0000
__Hspace_3                            (abs)        0000
__Hstack                              stack        0000
__Hstrings                            strings      0000
__Htext                               text         0000
__Labs1                               abs1         0000
__Lbank0                              bank0        0000
__Lbank1                              bank1        0000
__Lbank2                              bank2        0000
__Lbank3                              bank3        0000
__LbssBANK0                           bssBANK0     0000
__Lcinit                              cinit        0015
__Lclrtext                            clrtext      0000
__Lcode                               code         0000
__Lcommon                             common       0000
__Lconfig                             config       2007
__LcstackBANK0                        cstackBANK0  0000
__LcstackBANK1                        cstackBANK1  0000
__LcstackCOMMON                       cstackCOMMON 0000
__Leeprom_data                        eeprom_data  0000
__Lend_init                           end_init     0012
__Lfunctab                            functab      0000
__Lidloc                              idloc        0000
__Linit                               init         0012
__Lintentry                           intentry     0004
__Lmaintext                           maintext     0000
__Lpowerup                            powerup      0000
__Lram                                ram          0000
__Lreset_vec                          reset_vec    0000
__Lsfr0                               sfr0         0000
__Lsfr1                               sfr1         0000
__Lsfr2                               sfr2         0000
__Lsfr3                               sfr3         0000
__Lspace_0                            (abs)        0000
__Lspace_1                            (abs)        0000
__Lspace_2                            (abs)        0000
__Lspace_3                            (abs)        0000
__Lstack                              stack        0000
__Lstrings                            strings      0000
__Ltext                               text         0000
__S0                                  (abs)        2008
__S1                                  (abs)        00A3
__S2                                  (abs)        0000
__S3                                  (abs)        0000
___int_sp                             stack        0000
___latbits                            (abs)        0002
___sp                                 stack        0000
__end_of_ADT_Receive                  text8        01D3
__end_of_I2C_GetData                  text10       016B
__end_of_I2C_Out                      text14       0126
__end_of_I2C_Rcv                      text13       00D6
__end_of_I2C_Send                     text9        01F0
__end_of_I2C_Start                    text12       027A
__end_of_I2C_Stop                     text11       020B
__end_of_I2C_init                     text4        0248
__end_of_I2Ctemp                      text5        0225
__end_of_OBC1_RESET_init              text3        023B
__end_of__initialization              cinit        001C
__end_of__stringtab                   strings      025A
__end_of_interrupt_able               text2        0273
__end_of_interrupt_disable            text15       0280
__end_of_main                         maintext     0083
__end_of_putch                        text7        026C
__end_of_trans_I2Ctemp                text6        01A8
__end_of_uart_init                    text1        0254
__end_ofuint16_to_byte_array@bit_mask strings      025C
__initialization                      cinit        0015
__pbssBANK0                           bssBANK0     0020
__pcstackBANK0                        cstackBANK0  0050
__pcstackBANK1                        cstackBANK1  00A0
__pcstackCOMMON                       cstackCOMMON 0070
__pintentry                           intentry     0004
__pmaintext                           maintext     0020
__pstrings                            strings      0254
__ptext1                              text1        0248
__ptext10                             text10       0126
__ptext11                             text11       01F0
__ptext12                             text12       0273
__ptext13                             text13       0083
__ptext14                             text14       00D6
__ptext15                             text15       027A
__ptext2                              text2        026C
__ptext3                              text3        0225
__ptext4                              text4        023B
__ptext5                              text5        020B
__ptext6                              text6        016B
__ptext7                              text7        0264
__ptext8                              text8        01A8
__ptext9                              text9        01D3
__size_of_ADT_Receive                 (abs)        0000
__size_of_I2C_GetData                 (abs)        0000
__size_of_I2C_Out                     (abs)        0000
__size_of_I2C_Rcv                     (abs)        0000
__size_of_I2C_Send                    (abs)        0000
__size_of_I2C_Start                   (abs)        0000
__size_of_I2C_Stop                    (abs)        0000
__size_of_I2C_init                    (abs)        0000
__size_of_I2Ctemp                     (abs)        0000
__size_of_OBC1_RESET_init             (abs)        0000
__size_of_interrupt_able              (abs)        0000
__size_of_interrupt_disable           (abs)        0000
__size_of_main                        (abs)        0000
__size_of_putch                       (abs)        0000
__size_of_trans_I2Ctemp               (abs)        0000
__size_of_uart_init                   (abs)        0000
__stringbase                          strings      0259
__stringtab                           strings      0254
_cw                                   bssBANK0     0043
_index_pos                            bssBANK0     0022
_interrupt_able                       text2        026C
_interrupt_disable                    text15       027A
_main                                 maintext     0020
_packet                               bssBANK0     0023
_putch                                text7        0264
_trans_I2Ctemp                        text6        016B
_uart_init                            text1        0248
btemp                                 (abs)        007E
clear_ram0                            clrtext      025C
end_of_initialization                 cinit        001C
interrupt_function                    intentry     0004
intlevel0                             functab      0000
intlevel1                             functab      0000
intlevel2                             functab      0000
intlevel3                             functab      0000
intlevel4                             functab      0000
intlevel5                             functab      0000
ltemp                                 (abs)        007E
ltemp0                                (abs)        007E
ltemp1                                (abs)        0082
ltemp2                                (abs)        0086
ltemp3                                (abs)        0080
putch@byte                            cstackCOMMON 0070
reset_vec                             reset_vec    0000
saved_w                               (abs)        007E
stackhi                               (abs)        0000
stacklo                               (abs)        0000
start                                 init         0012
start_initialization                  cinit        0015
trans_I2Ctemp@data                    cstackBANK0  0059
ttemp                                 (abs)        007E
ttemp0                                (abs)        007E
ttemp1                                (abs)        0081
ttemp2                                (abs)        0084
ttemp3                                (abs)        0087
ttemp4                                (abs)        007F
uint16_to_byte_array@bit_mask         strings      025A
wtemp                                 (abs)        007E
wtemp0                                (abs)        007E
wtemp1                                (abs)        0080
wtemp2                                (abs)        0082
wtemp3                                (abs)        0084
wtemp4                                (abs)        0086
wtemp5                                (abs)        0088
wtemp6                                (abs)        007F


FUNCTION INFORMATION:

 *************** function _main *****************
 Defined at:
		line 26 in file "OBC2_main.c"
 Parameters:    Size  Location     Type
		None
 Auto vars:     Size  Location     Type
		None
 Return value:  Size  Location     Type
                  2  463[None  ] int 
 Registers used:
		wreg, fsr0l, fsr0h, status,2, status,0, pclath, cstack
 Tracked objects:
		On entry : 
		On exit  : 
		Unchanged: 
 Data sizes:     COMMON   BANK0   BANK1   BANK3   BANK2
      Params:         0       0       0       0       0
      Locals:         0       0       0       0       0
      Temps:          0       0       3       0       0
      Totals:         0       0       3       0       0
Total ram usage:        3 bytes
 Hardware stack levels required when called:    6
 This function calls:
		_I2C_init
		_OBC1_RESET_init
		_interrupt_able
		_uart_init
 This function is called by:
		Startup code after reset
 This function uses a non-reentrant model


 *************** function _uart_init *****************
 Defined at:
		line 34 in file "uart_serial.c"
 Parameters:    Size  Location     Type
		None
 Auto vars:     Size  Location     Type
		None
 Return value:  Size  Location     Type
		None               void
 Registers used:
		wreg
 Tracked objects:
		On entry : 
		On exit  : 
		Unchanged: 
 Data sizes:     COMMON   BANK0   BANK1   BANK3   BANK2
      Params:         0       0       0       0       0
      Locals:         0       0       0       0       0
      Temps:          0       0       0       0       0
      Totals:         0       0       0       0       0
Total ram usage:        0 bytes
 Hardware stack levels used:    1
 Hardware stack levels required when called:    5
 This function calls:
		Nothing
 This function is called by:
		_main
		_OBC1
 This function uses a non-reentrant model


 *************** function _interrupt_able *****************
 Defined at:
		line 83 in file "OBC2_app.c"
 Parameters:    Size  Location     Type
		None
 Auto vars:     Size  Location     Type
		None
 Return value:  Size  Location     Type
		None               void
 Registers used:
		None
 Tracked objects:
		On entry : 
		On exit  : 
		Unchanged: 
 Data sizes:     COMMON   BANK0   BANK1   BANK3   BANK2
      Params:         0       0       0       0       0
      Locals:         0       0       0       0       0
      Temps:          0       0       0       0       0
      Totals:         0       0       0       0       0
Total ram usage:        0 bytes
 Hardware stack levels used:    1
 Hardware stack levels required when called:    5
 This function calls:
		Nothing
 This function is called by:
		_main
 This function uses a non-reentrant model


 *************** function _OBC1_RESET_init *****************
 Defined at:
		line 38 in file "OBC2_app.c"
 Parameters:    Size  Location     Type
		None
 Auto vars:     Size  Location     Type
  nin             2   15[BANK0 ] PTR unsigned char 
		 -> RAM(512), 
 Return value:  Size  Location     Type
		None               void
 Registers used:
		wreg, fsr0l, fsr0h
 Tracked objects:
		On entry : 
		On exit  : 
		Unchanged: 
 Data sizes:     COMMON   BANK0   BANK1   BANK3   BANK2
      Params:         0       0       0       0       0
      Locals:         0       2       0       0       0
      Temps:          0       0       0       0       0
      Totals:         0       2       0       0       0
Total ram usage:        2 bytes
 Hardware stack levels used:    1
 Hardware stack levels required when called:    5
 This function calls:
		Nothing
 This function is called by:
		_main
 This function uses a non-reentrant model


 *************** function _I2C_init *****************
 Defined at:
		line 21 in file "i2c.c"
 Parameters:    Size  Location     Type
		None
 Auto vars:     Size  Location     Type
		None
 Return value:  Size  Location     Type
		None               void
 Registers used:
		None
 Tracked objects:
		On entry : 
		On exit  : 
		Unchanged: 
 Data sizes:     COMMON   BANK0   BANK1   BANK3   BANK2
      Params:         0       0       0       0       0
      Locals:         0       0       0       0       0
      Temps:          0       0       0       0       0
      Totals:         0       0       0       0       0
Total ram usage:        0 bytes
 Hardware stack levels used:    1
 Hardware stack levels required when called:    5
 This function calls:
		Nothing
 This function is called by:
		_main
 This function uses a non-reentrant model


 *************** function _I2Ctemp *****************
 Defined at:
		line 74 in file "OBC2_main.c"
 Parameters:    Size  Location     Type
		None
 Auto vars:     Size  Location     Type
		None
 Return value:  Size  Location     Type
		None               void
 Registers used:
		wreg, fsr0l, fsr0h, status,2, status,0, btemp+1, pclath, cstack
 Tracked objects:
		On entry : 
		On exit  : 
		Unchanged: 
 Data sizes:     COMMON   BANK0   BANK1   BANK3   BANK2
      Params:         0       0       0       0       0
      Locals:         0       0       0       0       0
      Temps:          0       4       0       0       0
      Totals:         0       4       0       0       0
Total ram usage:        4 bytes
 Hardware stack levels used:    1
 Hardware stack levels required when called:    4
 This function calls:
		_interrupt_disable
		_trans_I2Ctemp
 This function is called by:
		Interrupt level 1
 This function uses a non-reentrant model


 *************** function _trans_I2Ctemp *****************
 Defined at:
		line 151 in file "OBC2_app.c"
 Parameters:    Size  Location     Type
		None
 Auto vars:     Size  Location     Type
  data            2    9[BANK0 ] unsigned char [2]
 Return value:  Size  Location     Type
		None               void
 Registers used:
		wreg, fsr0l, fsr0h, status,2, status,0, btemp+1, pclath, cstack
 Tracked objects:
		On entry : 
		On exit  : 
		Unchanged: 
 Data sizes:     COMMON   BANK0   BANK1   BANK3   BANK2
      Params:         0       0       0       0       0
      Locals:         0       2       0       0       0
      Temps:          0       3       0       0       0
      Totals:         0       5       0       0       0
Total ram usage:        5 bytes
 Hardware stack levels used:    1
 Hardware stack levels required when called:    3
 This function calls:
		_ADT_Receive
		_putch
 This function is called by:
		_I2Ctemp
 This function uses a non-reentrant model


 *************** function _putch *****************
 Defined at:
		line 53 in file "uart_serial.c"
 Parameters:    Size  Location     Type
  byte            1    wreg     unsigned char 
 Auto vars:     Size  Location     Type
  byte            1    0[COMMON] unsigned char 
 Return value:  Size  Location     Type
		None               void
 Registers used:
		wreg
 Tracked objects:
		On entry : 
		On exit  : 
		Unchanged: 
 Data sizes:     COMMON   BANK0   BANK1   BANK3   BANK2
      Params:         0       0       0       0       0
      Locals:         1       0       0       0       0
      Temps:          0       0       0       0       0
      Totals:         1       0       0       0       0
Total ram usage:        1 bytes
 Hardware stack levels used:    1
 This function calls:
		Nothing
 This function is called by:
		_trans_I2Ctemp
		_command
		_put_string
 This function uses a non-reentrant model


 *************** function _ADT_Receive *****************
 Defined at:
		line 84 in file "tempADT.c"
 Parameters:    Size  Location     Type
  reg_adrs        1    wreg     unsigned char 
  data            1    0[BANK0 ] PTR unsigned char 
		 -> ADT_Read@data(2), ADT_ActionMode@data(2), trans_I2Ctemp@data(2), 
  kosu            1    1[BANK0 ] unsigned char 
 Auto vars:     Size  Location     Type
  reg_adrs        1    4[BANK0 ] unsigned char 
  ans             1    5[BANK0 ] unsigned char 
  i               1    0        unsigned char 
 Return value:  Size  Location     Type
                  1    wreg      unsigned char 
 Registers used:
		wreg, fsr0l, fsr0h, status,2, status,0, btemp+1, pclath, cstack
 Tracked objects:
		On entry : 
		On exit  : 
		Unchanged: 
 Data sizes:     COMMON   BANK0   BANK1   BANK3   BANK2
      Params:         0       2       0       0       0
      Locals:         0       2       0       0       0
      Temps:          0       2       0       0       0
      Totals:         0       6       0       0       0
Total ram usage:        6 bytes
 Hardware stack levels used:    1
 Hardware stack levels required when called:    2
 This function calls:
		_I2C_GetData
		_I2C_Send
 This function is called by:
		_trans_I2Ctemp
		_ADT_ActionMode
		_ADT_Read
 This function uses a non-reentrant model


 *************** function _I2C_Send *****************
 Defined at:
		line 78 in file "i2c.c"
 Parameters:    Size  Location     Type
  slave_adr       1    wreg     unsigned char 
  data            1    7[COMMON] unsigned char 
 Auto vars:     Size  Location     Type
  slave_adr       1   10[COMMON] unsigned char 
  adr             1   11[COMMON] unsigned char 
 Return value:  Size  Location     Type
		None               void
 Registers used:
		wreg, status,2, status,0, btemp+1, pclath, cstack
 Tracked objects:
		On entry : 
		On exit  : 
		Unchanged: 
 Data sizes:     COMMON   BANK0   BANK1   BANK3   BANK2
      Params:         1       0       0       0       0
      Locals:         2       0       0       0       0
      Temps:          2       0       0       0       0
      Totals:         5       0       0       0       0
Total ram usage:        5 bytes
 Hardware stack levels used:    1
 Hardware stack levels required when called:    1
 This function calls:
		_I2C_Out
		_I2C_Start
		_I2C_Stop
 This function is called by:
		_ADT_Receive
		_ADT_Send
 This function uses a non-reentrant model


 *************** function _I2C_GetData *****************
 Defined at:
		line 121 in file "i2c.c"
 Parameters:    Size  Location     Type
  slave_adr       1    wreg     unsigned char 
  Buffer          1    7[COMMON] PTR unsigned char 
		 -> ADT_Read@data(2), ADT_ActionMode@data(2), trans_I2Ctemp@data(2), 
  CNT             1    8[COMMON] unsigned char 
 Auto vars:     Size  Location     Type
  slave_adr       1   11[COMMON] unsigned char 
  i               1   13[COMMON] unsigned char 
  adr             1   12[COMMON] unsigned char 
 Return value:  Size  Location     Type
		None               void
 Registers used:
		wreg, fsr0l, fsr0h, status,2, status,0, btemp+1, pclath, cstack
 Tracked objects:
		On entry : 
		On exit  : 
		Unchanged: 
 Data sizes:     COMMON   BANK0   BANK1   BANK3   BANK2
      Params:         2       0       0       0       0
      Locals:         3       0       0       0       0
      Temps:          2       0       0       0       0
      Totals:         7       0       0       0       0
Total ram usage:        7 bytes
 Hardware stack levels used:    1
 Hardware stack levels required when called:    1
 This function calls:
		_I2C_Out
		_I2C_Rcv
		_I2C_Start
		_I2C_Stop
 This function is called by:
		_ADT_Receive
 This function uses a non-reentrant model


 *************** function _I2C_Stop *****************
 Defined at:
		line 36 in file "i2c.c"
 Parameters:    Size  Location     Type
		None
 Auto vars:     Size  Location     Type
		None
 Return value:  Size  Location     Type
		None               void
 Registers used:
		wreg
 Tracked objects:
		On entry : 
		On exit  : 
		Unchanged: 
 Data sizes:     COMMON   BANK0   BANK1   BANK3   BANK2
      Params:         0       0       0       0       0
      Locals:         0       0       0       0       0
      Temps:          1       0       0       0       0
      Totals:         1       0       0       0       0
Total ram usage:        1 bytes
 Hardware stack levels used:    1
 This function calls:
		Nothing
 This function is called by:
		_I2C_Send
		_I2C_GetData
		_ADT_Send
 This function uses a non-reentrant model


 *************** function _I2C_Start *****************
 Defined at:
		line 29 in file "i2c.c"
 Parameters:    Size  Location     Type
		None
 Auto vars:     Size  Location     Type
		None
 Return value:  Size  Location     Type
		None               void
 Registers used:
		None
 Tracked objects:
		On entry : 
		On exit  : 
		Unchanged: 
 Data sizes:     COMMON   BANK0   BANK1   BANK3   BANK2
      Params:         0       0       0       0       0
      Locals:         0       0       0       0       0
      Temps:          0       0       0       0       0
      Totals:         0       0       0       0       0
Total ram usage:        0 bytes
 Hardware stack levels used:    1
 This function calls:
		Nothing
 This function is called by:
		_I2C_Send
		_I2C_GetData
		_ADT_Send
 This function uses a non-reentrant model


 *************** function _I2C_Rcv *****************
 Defined at:
		line 91 in file "i2c.c"
 Parameters:    Size  Location     Type
  Ack             1    wreg     unsigned char 
 Auto vars:     Size  Location     Type
  Ack             1    2[COMMON] unsigned char 
  i               2    4[COMMON] int 
  BitPos          1    6[COMMON] unsigned char 
  data            1    3[COMMON] unsigned char 
 Return value:  Size  Location     Type
                  1    wreg      unsigned char 
 Registers used:
		wreg, status,2, status,0, btemp+1
 Tracked objects:
		On entry : 
		On exit  : 
		Unchanged: 
 Data sizes:     COMMON   BANK0   BANK1   BANK3   BANK2
      Params:         0       0       0       0       0
      Locals:         5       0       0       0       0
      Temps:          2       0       0       0       0
      Totals:         7       0       0       0       0
Total ram usage:        7 bytes
 Hardware stack levels used:    1
 This function calls:
		Nothing
 This function is called by:
		_I2C_GetData
 This function uses a non-reentrant model


 *************** function _I2C_Out *****************
 Defined at:
		line 49 in file "i2c.c"
 Parameters:    Size  Location     Type
  data            1    wreg     unsigned char 
 Auto vars:     Size  Location     Type
  data            1    3[COMMON] unsigned char 
  i               2    4[COMMON] int 
  BitPos          1    6[COMMON] unsigned char 
  ACK             1    2[COMMON] unsigned char 
 Return value:  Size  Location     Type
                  1    wreg      unsigned char 
 Registers used:
		wreg, status,2, status,0, btemp+1
 Tracked objects:
		On entry : 
		On exit  : 
		Unchanged: 
 Data sizes:     COMMON   BANK0   BANK1   BANK3   BANK2
      Params:         0       0       0       0       0
      Locals:         5       0       0       0       0
      Temps:          2       0       0       0       0
      Totals:         7       0       0       0       0
Total ram usage:        7 bytes
 Hardware stack levels used:    1
 This function calls:
		Nothing
 This function is called by:
		_I2C_Send
		_I2C_GetData
		_ADT_Send
 This function uses a non-reentrant model


 *************** function _interrupt_disable *****************
 Defined at:
		line 103 in file "OBC2_app.c"
 Parameters:    Size  Location     Type
		None
 Auto vars:     Size  Location     Type
		None
 Return value:  Size  Location     Type
		None               void
 Registers used:
		None
 Tracked objects:
		On entry : 
		On exit  : 
		Unchanged: 
 Data sizes:     COMMON   BANK0   BANK1   BANK3   BANK2
      Params:         0       0       0       0       0
      Locals:         0       0       0       0       0
      Temps:          0       0       0       0       0
      Totals:         0       0       0       0       0
Total ram usage:        0 bytes
 Hardware stack levels used:    1
 This function calls:
		Nothing
 This function is called by:
		_I2Ctemp
 This function uses a non-reentrant model



MODULE INFORMATION

Module		Function		Class		Link	Load	Size
tempADT.c
		_ADT_Receive   		CODE           	01A8	0000	44

tempADT.c estimated size: 44

OBC2_app.c
		_OBC1_RESET_init		CODE           	0225	0000	23
		_trans_I2Ctemp 		CODE           	016B	0000	62
		_interrupt_disable		CODE           	027A	0000	7
		_interrupt_able		CODE           	026C	0000	8

OBC2_app.c estimated size: 100

i2c.c
		_I2C_init      		CODE           	023B	0000	14
		_I2C_Rcv       		CODE           	0083	0000	84
		_I2C_Stop      		CODE           	01F0	0000	28
		_I2C_Out       		CODE           	00D6	0000	81
		_I2C_Send      		CODE           	01D3	0000	30
		_I2C_GetData   		CODE           	0126	0000	70
		_I2C_Start     		CODE           	0273	0000	8

i2c.c estimated size: 315

shared
		__stringtab    		STRING         	0254	0000	7
		__initialization		CODE           	0015	0000	8
		uint16_to_byte_array@bit_mask		STRING         	025A	0000	3

shared estimated size: 18

uart_serial.c
		_putch         		CODE           	0264	0000	9
		_uart_init     		CODE           	0248	0000	13

uart_serial.c estimated size: 22

OBC2_main.c
		_main          		CODE           	0020	0000	100
		_I2Ctemp       		CODE           	020B	0000	27

OBC2_main.c estimated size: 127

