Microchip MPLAB XC8 Compiler V1.35 ()

Linker command line:

-W-3 --edf=/Applications/microchip/xc8/v1.35/dat/en_msgs.txt -cs \
  -h+dist/default/production/master_test.X.production.sym \
  --cmf=dist/default/production/master_test.X.production.cmf -z -Q16F877A \
  -o/tmp/xcFeeg2hl -Mdist/default/production/master_test.X.production.map \
  -E1 -ver=XC8 -ASTACK=0110h-016fh -pstack=STACK -ACODE=00h-07FFhx4 \
  -ASTRCODE=00h-01FFFh -ASTRING=00h-0FFhx32 -ACONST=00h-0FFhx32 \
  -AENTRY=00h-0FFhx32 -ACOMMON=070h-07Fh -ABANK0=020h-06Fh \
  -ABANK1=0A0h-0EFh -ABANK2=0110h-016Fh -ABANK3=0190h-01EFh \
  -ARAM=020h-06Fh,0A0h-0EFh,0110h-016Fh,0190h-01EFh \
  -AABS1=020h-07Fh,0A0h-0EFh,0110h-016Fh,0190h-01EFh -ASFR0=00h-01Fh \
  -ASFR1=080h-09Fh -ASFR2=0100h-010Fh -ASFR3=0180h-018Fh \
  -preset_vec=00h,intentry,init,end_init -ppowerup=CODE -pcinit=CODE \
  -pfunctab=CODE -ACONFIG=02007h-02007h -pconfig=CONFIG -DCONFIG=2 \
  -AIDLOC=02000h-02003h -pidloc=IDLOC -DIDLOC=2 -AEEDATA=00h-0FFh/02100h \
  -peeprom_data=EEDATA -DEEDATA=2 -DCODE=2 -DSTRCODE=2 -DSTRING=2 -DCONST=2 \
  -DENTRY=2 -k /tmp/xcfQF8CYu.obj \
  dist/default/production/master_test.X.production.obj 

Object code version is 3.11

Machine type is 16F877A



                Name                               Link     Load   Length Selector   Space Scale
/tmp/xcfQF8CYu.obj
                end_init                              0        0        3        0       0
                config                             2007     2007        1     400E       0
dist/default/production/master_test.X.production.obj
                cinit                               7F4      7F4        C      FE8       0
                text20                              40E      40E       2B      81C       0
                text19                              464      464       2E      8C8       0
                text18                              538      538       3D      A70       0
                text17                              4FE      4FE       3A      9FC       0
                text16                              575      575       43      AEA       0
                text15                              32B      32B        F      656       0
                text14                              30E      30E        8      61C       0
                text13                              359      359       21      6B2       0
                text12                              615      615       85      C2A       0
                text11                              439      439       2B      872       0
                text10                              69A      69A       9F      D34       0
                text9                               37A      37A       21      6F4       0
                text8                               3E5      3E5       29      7CA       0
                text7                               4C5      4C5       39      98A       0
                text6                               3BF      3BF       26      77E       0
                text5                               492      492       33      924       0
                text4                               39B      39B       24      736       0
                text3                               5B8      5B8       5D      B70       0
                text2                               33A      33A       1F      674       0
                text1                               31E      31E        D      63C       0
                maintext                            739      739       BB      E72       0
                cstackBANK0                          20       20       32       20       1
                cstackCOMMON                         70       70        E       70       1
                clrtext                             316      316        8      62C       0
                bssBANK1                             A0       A0       42       A0       1
                bssBANK0                             52       52        1       20       1
                strings                               3        3       3E        6       0

TOTAL           Name                               Link     Load   Length     Space
        CLASS   STACK          

        CLASS   CODE           
                end_init                              0        0        3         0
                cinit                               7F4      7F4        C         0
                text20                              40E      40E       2B         0
                text19                              464      464       2E         0
                text18                              538      538       3D         0
                text17                              4FE      4FE       3A         0
                text16                              575      575       43         0
                text15                              32B      32B        F         0
                text14                              30E      30E        8         0
                text13                              359      359       21         0
                text12                              615      615       85         0
                text11                              439      439       2B         0
                text10                              69A      69A       9F         0
                text9                               37A      37A       21         0
                text8                               3E5      3E5       29         0
                text7                               4C5      4C5       39         0
                text6                               3BF      3BF       26         0
                text5                               492      492       33         0
                text4                               39B      39B       24         0
                text3                               5B8      5B8       5D         0
                text2                               33A      33A       1F         0
                text1                               31E      31E        D         0
                maintext                            739      739       BB         0
                clrtext                             316      316        8         0

        CLASS   STRCODE        

        CLASS   STRING         
                strings                               3        3       3E         0

        CLASS   CONST          

        CLASS   ENTRY          

        CLASS   COMMON         
                cstackCOMMON                         70       70        E         1

        CLASS   BANK0          
                cstackBANK0                          20       20       32         1
                bssBANK0                             52       52        1         1

        CLASS   BANK1          
                bssBANK1                             A0       A0       42         1

        CLASS   BANK2          

        CLASS   BANK3          

        CLASS   RAM            

        CLASS   ABS1           
                abs_s1                               7E       7E        2         1

        CLASS   SFR0           

        CLASS   SFR1           

        CLASS   SFR2           

        CLASS   SFR3           

        CLASS   CONFIG         
                config                             2007     2007        1         0

        CLASS   IDLOC          

        CLASS   EEDATA         



SEGMENTS        Name                           Load    Length   Top    Selector   Space  Class     Delta

                reset_vec                      000000  000003  000003         0       0  CODE        2
                strings                        000003  00003E  000041         6       0  STRING      2
                cstackBANK0                    000020  000033  000053        20       1  BANK0       1
                cstackCOMMON                   000070  00000E  00007E        70       1  COMMON      1
                bssBANK1                       0000A0  000042  0000E2        A0       1  BANK1       1
                text14                         00030E  000008  000316       61C       0  CODE        2
                clrtext                        000316  000008  00031E       62C       0  CODE        2
                text1                          00031E  00000D  00032B       63C       0  CODE        2
                text15                         00032B  00000F  00033A       656       0  CODE        2
                text2                          00033A  00001F  000359       674       0  CODE        2
                text13                         000359  000021  00037A       6B2       0  CODE        2
                text9                          00037A  000021  00039B       6F4       0  CODE        2
                text4                          00039B  000024  0003BF       736       0  CODE        2
                text6                          0003BF  000026  0003E5       77E       0  CODE        2
                text8                          0003E5  000029  00040E       7CA       0  CODE        2
                text20                         00040E  00002B  000439       81C       0  CODE        2
                text11                         000439  00002B  000464       872       0  CODE        2
                text19                         000464  00002E  000492       8C8       0  CODE        2
                text5                          000492  000033  0004C5       924       0  CODE        2
                text7                          0004C5  000039  0004FE       98A       0  CODE        2
                text17                         0004FE  00003A  000538       9FC       0  CODE        2
                text18                         000538  00003D  000575       A70       0  CODE        2
                text16                         000575  000043  0005B8       AEA       0  CODE        2
                text3                          0005B8  00005D  000615       B70       0  CODE        2
                text12                         000615  000085  00069A       C2A       0  CODE        2
                text10                         00069A  00009F  000739       D34       0  CODE        2
                maintext                       000739  0000BB  0007F4       E72       0  CODE        2
                cinit                          0007F4  00000C  000800       FE8       0  CODE        2
                config                         002007  000001  002008      400E       0  CONFIG      2


UNUSED ADDRESS RANGES

        Name                Unused          Largest block    Delta
        BANK0            0053-006F             1D           1
        BANK1            00E2-00EF              E           1
        BANK2            0110-016F             60           1
        BANK3            0190-01EF             60           1
        CODE             0041-030D            2CD           2
                         0800-1FFF            800
        CONST            0041-030D            100           2
                         0800-1FFF            100
        EEDATA           2100-21FF            100           2
        ENTRY            0041-030D            100           2
                         0800-1FFF            100
        IDLOC            2000-2003              4           2
        RAM              0053-006F             1D           1
                         00E2-00EF              E
                         0110-016F             60
                         0190-01EF             60
        SFR0             0000-001F             20           1
        SFR1             0080-009F             20           1
        SFR2             0100-010F             10           1
        SFR3             0180-018F             10           1
        STACK            0110-016F             60           1
        STRCODE          0041-030D            2CD           2
                         0800-1FFF           1800
        STRING           0041-030D            100           2
                         0800-1FFF            100

                                  Symbol Table

?___wmul                               cstackCOMMON 0070
_PORTA                                 (abs)        0005
_PORTB                                 (abs)        0006
_PORTC                                 (abs)        0007
_PORTCbits                             (abs)        0007
_PORTD                                 (abs)        0008
_PORTE                                 (abs)        0009
_RCIF                                  (abs)        0065
_RCREG                                 (abs)        001A
_RCSTA                                 (abs)        0018
_RD6                                   (abs)        0046
_SPBRG                                 (abs)        0099
_SSPBUF                                (abs)        0013
_SSPCONbits                            (abs)        0014
_SSPSTATbits                           (abs)        0094
_TRISA                                 (abs)        0085
_TRISB                                 (abs)        0086
_TRISC                                 (abs)        0087
_TRISC6                                (abs)        043E
_TRISC7                                (abs)        043F
_TRISCbits                             (abs)        0087
_TRISD                                 (abs)        0088
_TRISE                                 (abs)        0089
_TXIF                                  (abs)        0064
_TXREG                                 (abs)        0019
_TXSTA                                 (abs)        0098
__CFG_BOREN$ON                         (abs)        0000
__CFG_CP$OFF                           (abs)        0000
__CFG_CPD$OFF                          (abs)        0000
__CFG_FOSC$HS                          (abs)        0000
__CFG_LVP$OFF                          (abs)        0000
__CFG_PWRTE$ON                         (abs)        0000
__CFG_WDTE$OFF                         (abs)        0000
__CFG_WRT$OFF                          (abs)        0000
__Habs1                                abs1         0000
__Hbank0                               bank0        0000
__Hbank1                               bank1        0000
__Hbank2                               bank2        0000
__Hbank3                               bank3        0000
__HbssBANK0                            bssBANK0     0000
__HbssBANK1                            bssBANK1     0000
__Hcinit                               cinit        0800
__Hclrtext                             clrtext      0000
__Hcode                                code         0000
__Hcommon                              common       0000
__Hconfig                              config       2008
__HcstackBANK0                         cstackBANK0  0000
__HcstackCOMMON                        cstackCOMMON 0000
__Heeprom_data                         eeprom_data  0000
__Hend_init                            end_init     0003
__Hfunctab                             functab      0000
__Hidloc                               idloc        0000
__Hinit                                init         0000
__Hintentry                            intentry     0000
__Hmaintext                            maintext     0000
__Hpowerup                             powerup      0000
__Hram                                 ram          0000
__Hreset_vec                           reset_vec    0000
__Hsfr0                                sfr0         0000
__Hsfr1                                sfr1         0000
__Hsfr2                                sfr2         0000
__Hsfr3                                sfr3         0000
__Hspace_0                             (abs)        2008
__Hspace_1                             (abs)        00E2
__Hspace_2                             (abs)        0000
__Hspace_3                             (abs)        0000
__Hstack                               stack        0000
__Hstrings                             strings      0000
__Htext                                text         0000
__Labs1                                abs1         0000
__Lbank0                               bank0        0000
__Lbank1                               bank1        0000
__Lbank2                               bank2        0000
__Lbank3                               bank3        0000
__LbssBANK0                            bssBANK0     0000
__LbssBANK1                            bssBANK1     0000
__Lcinit                               cinit        07F4
__Lclrtext                             clrtext      0000
__Lcode                                code         0000
__Lcommon                              common       0000
__Lconfig                              config       2007
__LcstackBANK0                         cstackBANK0  0000
__LcstackCOMMON                        cstackCOMMON 0000
__Leeprom_data                         eeprom_data  0000
__Lend_init                            end_init     0000
__Lfunctab                             functab      0000
__Lidloc                               idloc        0000
__Linit                                init         0000
__Lintentry                            intentry     0000
__Lmaintext                            maintext     0000
__Lpowerup                             powerup      0000
__Lram                                 ram          0000
__Lreset_vec                           reset_vec    0000
__Lsfr0                                sfr0         0000
__Lsfr1                                sfr1         0000
__Lsfr2                                sfr2         0000
__Lsfr3                                sfr3         0000
__Lspace_0                             (abs)        0000
__Lspace_1                             (abs)        0000
__Lspace_2                             (abs)        0000
__Lspace_3                             (abs)        0000
__Lstack                               stack        0000
__Lstrings                             strings      0000
__Ltext                                text         0000
__S0                                   (abs)        2008
__S1                                   (abs)        00E2
__S2                                   (abs)        0000
__S3                                   (abs)        0000
___int_sp                              stack        0000
___latbits                             (abs)        0002
___sp                                  stack        0000
___wmul                                text9        037A
___wmul@multiplicand                   cstackCOMMON 0072
___wmul@multiplier                     cstackCOMMON 0070
___wmul@product                        cstackCOMMON 0074
__end_of___wmul                        text9        039B
__end_of__initialization               cinit        07FC
__end_of__stringtab                    strings      0009
__end_of_double_data_set               text7        04FE
__end_of_double_to_byte_array          text8        040E
__end_of_extract_receive_packet        text19       0492
__end_of_flag_check                    text16       05B8
__end_of_main                          maintext     07F4
__end_of_pic_port_init                 text15       033A
__end_of_put_char                      text14       0316
__end_of_put_string                    text13       037A
__end_of_receive_data_master           text12       069A
__end_of_rx_packet_clear               text20       0439
__end_of_send_data_master              text10       0739
__end_of_sent_data_set                 text3        0615
__end_of_spi_master_receive            text18       0575
__end_of_spi_master_send               text17       0538
__end_of_spi_master_start              text2        0359
__end_of_tx_packet_clear               text11       0464
__end_of_uart_init                     text1        032B
__end_of_uint16_data_set               text5        04C5
__end_of_uint16_to_byte_array          text6        03E5
__end_of_uint8_data_set                text4        03BF
__end_ofmain@send_1                    strings      0018
__end_ofmain@send_2                    strings      0027
__end_ofuint16_to_byte_array@bit_mask  strings      0029
__initialization                       cinit        07F4
__pbssBANK0                            bssBANK0     0052
__pbssBANK1                            bssBANK1     00A0
__pcstackBANK0                         cstackBANK0  0020
__pcstackCOMMON                        cstackCOMMON 0070
__pmaintext                            maintext     0739
__pstrings                             strings      0003
__ptext1                               text1        031E
__ptext10                              text10       069A
__ptext11                              text11       0439
__ptext12                              text12       0615
__ptext13                              text13       0359
__ptext14                              text14       030E
__ptext15                              text15       032B
__ptext16                              text16       0575
__ptext17                              text17       04FE
__ptext18                              text18       0538
__ptext19                              text19       0464
__ptext2                               text2        033A
__ptext20                              text20       040E
__ptext3                               text3        05B8
__ptext4                               text4        039B
__ptext5                               text5        0492
__ptext6                               text6        03BF
__ptext7                               text7        04C5
__ptext8                               text8        03E5
__ptext9                               text9        037A
__size_of___wmul                       (abs)        0000
__size_of_double_data_set              (abs)        0000
__size_of_double_to_byte_array         (abs)        0000
__size_of_extract_receive_packet       (abs)        0000
__size_of_flag_check                   (abs)        0000
__size_of_main                         (abs)        0000
__size_of_pic_port_init                (abs)        0000
__size_of_put_char                     (abs)        0000
__size_of_put_string                   (abs)        0000
__size_of_receive_data_master          (abs)        0000
__size_of_rx_packet_clear              (abs)        0000
__size_of_send_data_master             (abs)        0000
__size_of_sent_data_set                (abs)        0000
__size_of_spi_master_receive           (abs)        0000
__size_of_spi_master_send              (abs)        0000
__size_of_spi_master_start             (abs)        0000
__size_of_tx_packet_clear              (abs)        0000
__size_of_uart_init                    (abs)        0000
__size_of_uint16_data_set              (abs)        0000
__size_of_uint16_to_byte_array         (abs)        0000
__size_of_uint8_data_set               (abs)        0000
__stringbase                           strings      0008
__stringtab                            strings      0003
_double_data_set                       text7        04C5
_double_to_byte_array                  text8        03E5
_extract_receive_packet                text19       0464
_flag_check                            text16       0575
_main                                  maintext     0739
_pic_port_init                         text15       032B
_put_char                              text14       030E
_put_string                            text13       0359
_receive_data_master                   text12       0615
_rx_packet                             bssBANK1     00C1
_rx_packet_clear                       text20       040E
_rx_packet_status                      bssBANK0     0052
_send_data_master                      text10       069A
_sent_data_set                         text3        05B8
_spi_master_receive                    text18       0538
_spi_master_send                       text17       04FE
_spi_master_start                      text2        033A
_tx_packet                             bssBANK1     00A0
_tx_packet_clear                       text11       0439
_uart_init                             text1        031E
_uint16_data_set                       text5        0492
_uint16_to_byte_array                  text6        03BF
_uint8_data_set                        text4        039B
btemp                                  (abs)        007E
clear_ram0                             clrtext      0316
double_data_set@buf                    cstackBANK0  0020
double_data_set@data_len               cstackCOMMON 0079
double_data_set@i                      cstackBANK0  0026
double_data_set@p_data                 cstackBANK0  0025
double_to_byte_array@converter         cstackCOMMON 0073
double_to_byte_array@i                 cstackCOMMON 0078
double_to_byte_array@p_data            cstackCOMMON 0077
double_to_byte_array@p_data_array      cstackCOMMON 0070
end_of_initialization                  cinit        07FC
extract_receive_packet@i               cstackCOMMON 0076
extract_receive_packet@p_data_buf      cstackCOMMON 0072
extract_receive_packet@p_data_len_buf  cstackCOMMON 0073
extract_receive_packet@p_data_type_buf cstackCOMMON 0075
flag_check@destination                 cstackCOMMON 0078
flag_check@flag                        cstackCOMMON 0077
intlevel0                              functab      0000
intlevel1                              functab      0000
intlevel2                              functab      0000
intlevel3                              functab      0000
intlevel4                              functab      0000
intlevel5                              functab      0000
ltemp                                  (abs)        007E
ltemp0                                 (abs)        007E
ltemp1                                 (abs)        0082
ltemp2                                 (abs)        0086
ltemp3                                 (abs)        0080
main@cmd                               cstackBANK0  004F
main@i                                 cstackBANK0  0050
main@r_data                            cstackBANK0  0030
main@r_data_len                        cstackBANK0  0051
main@r_data_type                       cstackBANK0  004E
put_char@byte_data                     cstackCOMMON 0070
put_string@str                         cstackCOMMON 0072
receive_data_master@destination        cstackCOMMON 0077
receive_data_master@i                  cstackCOMMON 0076
reset_vec                              reset_vec    0000
rx_packet_clear@i                      cstackCOMMON 0070
send_data_master@data_end_command      cstackCOMMON 0075
send_data_master@data_type             cstackCOMMON 0074
send_data_master@destination           cstackCOMMON 007A
send_data_master@i                     cstackCOMMON 0078
sent_data_set@byte_of_type             cstackCOMMON 007D
sent_data_set@data_len                 cstackCOMMON 007C
sent_data_set@p_data                   cstackBANK0  002C
spi_master_receive@buf                 cstackCOMMON 0072
spi_master_receive@destination         cstackCOMMON 0073
spi_master_receive@p_get               cstackCOMMON 0070
spi_master_send@buf                    cstackCOMMON 0072
spi_master_send@data                   cstackCOMMON 0070
spi_master_send@destination            cstackCOMMON 0073
stackhi                                (abs)        0000
stacklo                                (abs)        0000
start                                  init         0000
start_initialization                   cinit        07F4
ttemp                                  (abs)        007E
ttemp0                                 (abs)        007E
ttemp1                                 (abs)        0081
ttemp2                                 (abs)        0084
ttemp3                                 (abs)        0087
ttemp4                                 (abs)        007F
tx_packet_clear@i                      cstackCOMMON 0070
uint16_data_set@buf                    cstackCOMMON 0077
uint16_data_set@data_len               cstackCOMMON 0075
uint16_data_set@i                      cstackCOMMON 007B
uint16_data_set@p_data                 cstackCOMMON 007A
uint16_to_byte_array@bit_mask          strings      0027
uint16_to_byte_array@p_data            cstackCOMMON 0074
uint16_to_byte_array@p_data_array      cstackCOMMON 0070
uint8_data_set@data_len                cstackCOMMON 0070
uint8_data_set@p_data                  cstackCOMMON 0072
wtemp                                  (abs)        007E
wtemp0                                 (abs)        007E
wtemp1                                 (abs)        0080
wtemp2                                 (abs)        0082
wtemp3                                 (abs)        0084
wtemp4                                 (abs)        0086
wtemp5                                 (abs)        0088
wtemp6                                 (abs)        007F


FUNCTION INFORMATION:

 *************** function _main *****************
 Defined at:
		line 30 in file "main.c"
 Parameters:    Size  Location     Type
		None
 Auto vars:     Size  Location     Type
  r_data         30   16[BANK0 ] unsigned char [30]
  r_data_len      1   49[BANK0 ] unsigned char 
  i               1   48[BANK0 ] unsigned char 
  cmd             1   47[BANK0 ] unsigned char 
  r_data_type     1   46[BANK0 ] unsigned char 
 Return value:  Size  Location     Type
                  2  136[None  ] int 
 Registers used:
		wreg, fsr0l, fsr0h, status,2, status,0, btemp+1, pclath, cstack
 Tracked objects:
		On entry : 
		On exit  : 
		Unchanged: 
 Data sizes:     COMMON   BANK0   BANK1   BANK3   BANK2
      Params:         0       0       0       0       0
      Locals:         0      34       0       0       0
      Temps:          0       3       0       0       0
      Totals:         0      37       0       0       0
Total ram usage:       37 bytes
 Hardware stack levels required when called:    4
 This function calls:
		_extract_receive_packet
		_flag_check
		_pic_port_init
		_put_char
		_put_string
		_receive_data_master
		_send_data_master
		_sent_data_set
		_spi_master_start
		_uart_init
 This function is called by:
		Startup code after reset
 This function uses a non-reentrant model


 *************** function _uart_init *****************
 Defined at:
		line 37 in file "uart.c"
 Parameters:    Size  Location     Type
		None
 Auto vars:     Size  Location     Type
		None
 Return value:  Size  Location     Type
		None               void
 Registers used:
		wreg
 Tracked objects:
		On entry : 
		On exit  : 
		Unchanged: 
 Data sizes:     COMMON   BANK0   BANK1   BANK3   BANK2
      Params:         0       0       0       0       0
      Locals:         0       0       0       0       0
      Temps:          0       0       0       0       0
      Totals:         0       0       0       0       0
Total ram usage:        0 bytes
 Hardware stack levels used:    1
 This function calls:
		Nothing
 This function is called by:
		_main
 This function uses a non-reentrant model


 *************** function _spi_master_start *****************
 Defined at:
		line 37 in file "spi_master.c"
 Parameters:    Size  Location     Type
		None
 Auto vars:     Size  Location     Type
		None
 Return value:  Size  Location     Type
		None               void
 Registers used:
		None
 Tracked objects:
		On entry : 
		On exit  : 
		Unchanged: 
 Data sizes:     COMMON   BANK0   BANK1   BANK3   BANK2
      Params:         0       0       0       0       0
      Locals:         0       0       0       0       0
      Temps:          0       0       0       0       0
      Totals:         0       0       0       0       0
Total ram usage:        0 bytes
 Hardware stack levels used:    1
 This function calls:
		Nothing
 This function is called by:
		_main
 This function uses a non-reentrant model


 *************** function _sent_data_set *****************
 Defined at:
		line 97 in file "protocol.c"
 Parameters:    Size  Location     Type
  p_data          1    wreg     PTR void 
		 -> main@cmd(1), 
  data_len        1   12[COMMON] unsigned char 
  byte_of_type    1   13[COMMON] unsigned char 
 Auto vars:     Size  Location     Type
  p_data          1   12[BANK0 ] PTR void 
		 -> main@cmd(1), 
 Return value:  Size  Location     Type
                  1    wreg      unsigned char 
 Registers used:
		wreg, fsr0l, fsr0h, status,2, status,0, pclath, cstack
 Tracked objects:
		On entry : 
		On exit  : 
		Unchanged: 
 Data sizes:     COMMON   BANK0   BANK1   BANK3   BANK2
      Params:         2       0       0       0       0
      Locals:         0       1       0       0       0
      Temps:          0       5       0       0       0
      Totals:         2       6       0       0       0
Total ram usage:        8 bytes
 Hardware stack levels used:    1
 Hardware stack levels required when called:    3
 This function calls:
		___wmul
		_double_data_set
		_uint16_data_set
		_uint8_data_set
 This function is called by:
		_main
 This function uses a non-reentrant model


 *************** function _uint8_data_set *****************
 Defined at:
		line 365 in file "protocol.c"
 Parameters:    Size  Location     Type
  p_data          1    wreg     PTR unsigned char 
		 -> main@cmd(1), 
  data_len        1    0[COMMON] unsigned char 
 Auto vars:     Size  Location     Type
  p_data          1    2[COMMON] PTR unsigned char 
		 -> main@cmd(1), 
 Return value:  Size  Location     Type
		None               void
 Registers used:
		wreg, fsr0l, fsr0h, status,2, status,0
 Tracked objects:
		On entry : 
		On exit  : 
		Unchanged: 
 Data sizes:     COMMON   BANK0   BANK1   BANK3   BANK2
      Params:         1       0       0       0       0
      Locals:         1       0       0       0       0
      Temps:          1       0       0       0       0
      Totals:         3       0       0       0       0
Total ram usage:        3 bytes
 Hardware stack levels used:    1
 This function calls:
		Nothing
 This function is called by:
		_sent_data_set
 This function uses a non-reentrant model


 *************** function _uint16_data_set *****************
 Defined at:
		line 387 in file "protocol.c"
 Parameters:    Size  Location     Type
  p_data          1    wreg     PTR unsigned int 
		 -> main@cmd(1), 
  data_len        1    5[COMMON] unsigned char 
 Auto vars:     Size  Location     Type
  p_data          1   10[COMMON] PTR unsigned int 
		 -> main@cmd(1), 
  buf             3    7[COMMON] unsigned char [3]
  i               1   11[COMMON] unsigned char 
 Return value:  Size  Location     Type
		None               void
 Registers used:
		wreg, fsr0l, fsr0h, status,2, status,0, pclath, cstack
 Tracked objects:
		On entry : 
		On exit  : 
		Unchanged: 
 Data sizes:     COMMON   BANK0   BANK1   BANK3   BANK2
      Params:         1       0       0       0       0
      Locals:         5       0       0       0       0
      Temps:          1       0       0       0       0
      Totals:         7       0       0       0       0
Total ram usage:        7 bytes
 Hardware stack levels used:    1
 Hardware stack levels required when called:    2
 This function calls:
		_uint16_to_byte_array
 This function is called by:
		_sent_data_set
 This function uses a non-reentrant model


 *************** function _uint16_to_byte_array *****************
 Defined at:
		line 445 in file "protocol.c"
 Parameters:    Size  Location     Type
  p_data          1    wreg     PTR unsigned int 
		 -> main@cmd(1), 
  p_data_array    1    0[COMMON] PTR unsigned char 
		 -> uint16_data_set@buf(3), 
 Auto vars:     Size  Location     Type
  p_data          1    4[COMMON] PTR unsigned int 
		 -> main@cmd(1), 
 Return value:  Size  Location     Type
		None               void
 Registers used:
		wreg, fsr0l, fsr0h, status,2, status,0, pclath
 Tracked objects:
		On entry : 
		On exit  : 
		Unchanged: 
 Data sizes:     COMMON   BANK0   BANK1   BANK3   BANK2
      Params:         1       0       0       0       0
      Locals:         1       0       0       0       0
      Temps:          3       0       0       0       0
      Totals:         5       0       0       0       0
Total ram usage:        5 bytes
 Hardware stack levels used:    2
 This function calls:
		Nothing
 This function is called by:
		_uint16_data_set
 This function uses a non-reentrant model


 *************** function _double_data_set *****************
 Defined at:
		line 416 in file "protocol.c"
 Parameters:    Size  Location     Type
  p_data          1    wreg     PTR 
		 -> main@cmd(1), 
  data_len        1    9[COMMON] unsigned char 
 Auto vars:     Size  Location     Type
  p_data          1    5[BANK0 ] PTR 
		 -> main@cmd(1), 
  buf             5    0[BANK0 ] unsigned char [5]
  i               1    6[BANK0 ] unsigned char 
 Return value:  Size  Location     Type
		None               void
 Registers used:
		wreg, fsr0l, fsr0h, status,2, status,0, pclath, cstack
 Tracked objects:
		On entry : 
		On exit  : 
		Unchanged: 
 Data sizes:     COMMON   BANK0   BANK1   BANK3   BANK2
      Params:         1       0       0       0       0
      Locals:         0       7       0       0       0
      Temps:          1       0       0       0       0
      Totals:         2       7       0       0       0
Total ram usage:        9 bytes
 Hardware stack levels used:    1
 Hardware stack levels required when called:    1
 This function calls:
		_double_to_byte_array
 This function is called by:
		_sent_data_set
 This function uses a non-reentrant model


 *************** function _double_to_byte_array *****************
 Defined at:
		line 467 in file "protocol.c"
 Parameters:    Size  Location     Type
  p_data          1    wreg     PTR 
		 -> main@cmd(1), 
  p_data_array    1    0[COMMON] PTR unsigned char 
		 -> double_data_set@buf(5), 
 Auto vars:     Size  Location     Type
  p_data          1    7[COMMON] PTR 
		 -> main@cmd(1), 
  converter       4    3[COMMON] struct .
  i               1    8[COMMON] unsigned char 
 Return value:  Size  Location     Type
		None               void
 Registers used:
		wreg, fsr0l, fsr0h, status,2, status,0
 Tracked objects:
		On entry : 
		On exit  : 
		Unchanged: 
 Data sizes:     COMMON   BANK0   BANK1   BANK3   BANK2
      Params:         1       0       0       0       0
      Locals:         6       0       0       0       0
      Temps:          2       0       0       0       0
      Totals:         9       0       0       0       0
Total ram usage:        9 bytes
 Hardware stack levels used:    1
 This function calls:
		Nothing
 This function is called by:
		_double_data_set
 This function uses a non-reentrant model


 *************** function ___wmul *****************
 Defined at:
		line 15 in file "/Applications/microchip/xc8/v1.35/sources/common/Umul16.c"
 Parameters:    Size  Location     Type
  multiplier      2    0[COMMON] unsigned int 
  multiplicand    2    2[COMMON] unsigned int 
 Auto vars:     Size  Location     Type
  product         2    4[COMMON] unsigned int 
 Return value:  Size  Location     Type
                  2    0[COMMON] unsigned int 
 Registers used:
		wreg, status,2, status,0
 Tracked objects:
		On entry : 
		On exit  : 
		Unchanged: 
 Data sizes:     COMMON   BANK0   BANK1   BANK3   BANK2
      Params:         4       0       0       0       0
      Locals:         2       0       0       0       0
      Temps:          0       0       0       0       0
      Totals:         6       0       0       0       0
Total ram usage:        6 bytes
 Hardware stack levels used:    1
 This function calls:
		Nothing
 This function is called by:
		_sent_data_set
 This function uses a non-reentrant model


 *************** function _send_data_master *****************
 Defined at:
		line 138 in file "protocol.c"
 Parameters:    Size  Location     Type
  destination     1    wreg     enum E1101
  data_type       1    4[COMMON] enum E1107
  data_end_com    1    5[COMMON] enum E1112
 Auto vars:     Size  Location     Type
  destination     1   10[COMMON] enum E1101
  i               2    8[COMMON] int 
 Return value:  Size  Location     Type
		None               void
 Registers used:
		wreg, fsr0l, fsr0h, status,2, status,0, btemp+1, pclath, cstack
 Tracked objects:
		On entry : 
		On exit  : 
		Unchanged: 
 Data sizes:     COMMON   BANK0   BANK1   BANK3   BANK2
      Params:         2       0       0       0       0
      Locals:         3       0       0       0       0
      Temps:          2       0       0       0       0
      Totals:         7       0       0       0       0
Total ram usage:        7 bytes
 Hardware stack levels used:    1
 Hardware stack levels required when called:    1
 This function calls:
		_spi_master_send
		_tx_packet_clear
 This function is called by:
		_main
 This function uses a non-reentrant model


 *************** function _tx_packet_clear *****************
 Defined at:
		line 271 in file "protocol.c"
 Parameters:    Size  Location     Type
		None
 Auto vars:     Size  Location     Type
  i               2    0[COMMON] int 
 Return value:  Size  Location     Type
		None               void
 Registers used:
		wreg, fsr0l, fsr0h, status,2, status,0, btemp+1
 Tracked objects:
		On entry : 
		On exit  : 
		Unchanged: 
 Data sizes:     COMMON   BANK0   BANK1   BANK3   BANK2
      Params:         0       0       0       0       0
      Locals:         2       0       0       0       0
      Temps:          0       0       0       0       0
      Totals:         2       0       0       0       0
Total ram usage:        2 bytes
 Hardware stack levels used:    1
 This function calls:
		Nothing
 This function is called by:
		_send_data_master
 This function uses a non-reentrant model


 *************** function _receive_data_master *****************
 Defined at:
		line 188 in file "protocol.c"
 Parameters:    Size  Location     Type
  destination     1    wreg     enum E1101
 Auto vars:     Size  Location     Type
  destination     1    7[COMMON] enum E1101
  i               1    6[COMMON] unsigned char 
 Return value:  Size  Location     Type
		None               void
 Registers used:
		wreg, fsr0l, fsr0h, status,2, status,0, pclath, cstack
 Tracked objects:
		On entry : 
		On exit  : 
		Unchanged: 
 Data sizes:     COMMON   BANK0   BANK1   BANK3   BANK2
      Params:         0       0       0       0       0
      Locals:         2       0       0       0       0
      Temps:          2       0       0       0       0
      Totals:         4       0       0       0       0
Total ram usage:        4 bytes
 Hardware stack levels used:    1
 Hardware stack levels required when called:    1
 This function calls:
		_spi_master_receive
		_spi_master_send
 This function is called by:
		_main
 This function uses a non-reentrant model


 *************** function _put_string *****************
 Defined at:
		line 76 in file "uart.c"
 Parameters:    Size  Location     Type
  str             1    wreg     PTR unsigned char 
		 -> STR_1(24), 
 Auto vars:     Size  Location     Type
  str             1    2[COMMON] PTR unsigned char 
		 -> STR_1(24), 
 Return value:  Size  Location     Type
		None               void
 Registers used:
		wreg, fsr0l, fsr0h, status,2, status,0, pclath, cstack
 Tracked objects:
		On entry : 
		On exit  : 
		Unchanged: 
 Data sizes:     COMMON   BANK0   BANK1   BANK3   BANK2
      Params:         0       0       0       0       0
      Locals:         1       0       0       0       0
      Temps:          1       0       0       0       0
      Totals:         2       0       0       0       0
Total ram usage:        2 bytes
 Hardware stack levels used:    1
 Hardware stack levels required when called:    1
 This function calls:
		_put_char
 This function is called by:
		_main
 This function uses a non-reentrant model


 *************** function _put_char *****************
 Defined at:
		line 60 in file "uart.c"
 Parameters:    Size  Location     Type
  byte_data       1    wreg     unsigned char 
 Auto vars:     Size  Location     Type
  byte_data       1    0[COMMON] unsigned char 
 Return value:  Size  Location     Type
		None               void
 Registers used:
		wreg
 Tracked objects:
		On entry : 
		On exit  : 
		Unchanged: 
 Data sizes:     COMMON   BANK0   BANK1   BANK3   BANK2
      Params:         0       0       0       0       0
      Locals:         1       0       0       0       0
      Temps:          0       0       0       0       0
      Totals:         1       0       0       0       0
Total ram usage:        1 bytes
 Hardware stack levels used:    1
 This function calls:
		Nothing
 This function is called by:
		_put_string
		_main
 This function uses a non-reentrant model


 *************** function _pic_port_init *****************
 Defined at:
		line 106 in file "main.c"
 Parameters:    Size  Location     Type
		None
 Auto vars:     Size  Location     Type
		None
 Return value:  Size  Location     Type
		None               void
 Registers used:
		status,2
 Tracked objects:
		On entry : 
		On exit  : 
		Unchanged: 
 Data sizes:     COMMON   BANK0   BANK1   BANK3   BANK2
      Params:         0       0       0       0       0
      Locals:         0       0       0       0       0
      Temps:          0       0       0       0       0
      Totals:         0       0       0       0       0
Total ram usage:        0 bytes
 Hardware stack levels used:    1
 This function calls:
		Nothing
 This function is called by:
		_main
 This function uses a non-reentrant model


 *************** function _flag_check *****************
 Defined at:
		line 326 in file "protocol.c"
 Parameters:    Size  Location     Type
  destination     1    wreg     enum E1101
 Auto vars:     Size  Location     Type
  destination     1    8[COMMON] enum E1101
  flag            1    7[COMMON] enum E1097
 Return value:  Size  Location     Type
		None               void
 Registers used:
		wreg, fsr0l, fsr0h, status,2, status,0, pclath, cstack
 Tracked objects:
		On entry : 
		On exit  : 
		Unchanged: 
 Data sizes:     COMMON   BANK0   BANK1   BANK3   BANK2
      Params:         0       0       0       0       0
      Locals:         2       0       0       0       0
      Temps:          3       0       0       0       0
      Totals:         5       0       0       0       0
Total ram usage:        5 bytes
 Hardware stack levels used:    1
 Hardware stack levels required when called:    1
 This function calls:
		_spi_master_receive
		_spi_master_send
 This function is called by:
		_main
 This function uses a non-reentrant model


 *************** function _spi_master_send *****************
 Defined at:
		line 85 in file "spi_master.c"
 Parameters:    Size  Location     Type
  destination     1    wreg     enum E1101
  data            1    0[COMMON] unsigned char 
 Auto vars:     Size  Location     Type
  destination     1    3[COMMON] enum E1101
  buf             1    2[COMMON] unsigned char 
 Return value:  Size  Location     Type
		None               void
 Registers used:
		wreg, fsr0l, fsr0h, status,2, status,0
 Tracked objects:
		On entry : 
		On exit  : 
		Unchanged: 
 Data sizes:     COMMON   BANK0   BANK1   BANK3   BANK2
      Params:         1       0       0       0       0
      Locals:         2       0       0       0       0
      Temps:          1       0       0       0       0
      Totals:         4       0       0       0       0
Total ram usage:        4 bytes
 Hardware stack levels used:    1
 This function calls:
		Nothing
 This function is called by:
		_send_data_master
		_receive_data_master
		_flag_check
 This function uses a non-reentrant model


 *************** function _spi_master_receive *****************
 Defined at:
		line 149 in file "spi_master.c"
 Parameters:    Size  Location     Type
  destination     1    wreg     enum E1101
  p_get           1    0[COMMON] PTR unsigned char 
		 -> flag_check@flag(1), rx_packet.payload(30), rx_packet(33), 
 Auto vars:     Size  Location     Type
  destination     1    3[COMMON] enum E1101
  buf             1    2[COMMON] unsigned char 
 Return value:  Size  Location     Type
		None               void
 Registers used:
		wreg, fsr0l, fsr0h, status,2, status,0
 Tracked objects:
		On entry : 
		On exit  : 
		Unchanged: 
 Data sizes:     COMMON   BANK0   BANK1   BANK3   BANK2
      Params:         1       0       0       0       0
      Locals:         2       0       0       0       0
      Temps:          1       0       0       0       0
      Totals:         4       0       0       0       0
Total ram usage:        4 bytes
 Hardware stack levels used:    1
 This function calls:
		Nothing
 This function is called by:
		_receive_data_master
		_flag_check
 This function uses a non-reentrant model


 *************** function _extract_receive_packet *****************
 Defined at:
		line 237 in file "protocol.c"
 Parameters:    Size  Location     Type
  p_data_type_    1    wreg     PTR unsigned char 
		 -> main@r_data_type(1), 
  p_data_buf      1    2[COMMON] PTR unsigned char 
		 -> main@r_data(30), 
  p_data_len_b    1    3[COMMON] PTR unsigned char 
		 -> main@r_data_len(1), 
 Auto vars:     Size  Location     Type
  p_data_type_    1    5[COMMON] PTR unsigned char 
		 -> main@r_data_type(1), 
  i               1    6[COMMON] unsigned char 
 Return value:  Size  Location     Type
		None               void
 Registers used:
		wreg, fsr0l, fsr0h, status,2, status,0, btemp+1, pclath, cstack
 Tracked objects:
		On entry : 
		On exit  : 
		Unchanged: 
 Data sizes:     COMMON   BANK0   BANK1   BANK3   BANK2
      Params:         2       0       0       0       0
      Locals:         2       0       0       0       0
      Temps:          1       0       0       0       0
      Totals:         5       0       0       0       0
Total ram usage:        5 bytes
 Hardware stack levels used:    1
 Hardware stack levels required when called:    1
 This function calls:
		_rx_packet_clear
 This function is called by:
		_main
 This function uses a non-reentrant model


 *************** function _rx_packet_clear *****************
 Defined at:
		line 302 in file "protocol.c"
 Parameters:    Size  Location     Type
		None
 Auto vars:     Size  Location     Type
  i               2    0[COMMON] int 
 Return value:  Size  Location     Type
		None               void
 Registers used:
		wreg, fsr0l, fsr0h, status,2, status,0, btemp+1
 Tracked objects:
		On entry : 
		On exit  : 
		Unchanged: 
 Data sizes:     COMMON   BANK0   BANK1   BANK3   BANK2
      Params:         0       0       0       0       0
      Locals:         2       0       0       0       0
      Temps:          0       0       0       0       0
      Totals:         2       0       0       0       0
Total ram usage:        2 bytes
 Hardware stack levels used:    1
 This function calls:
		Nothing
 This function is called by:
		_extract_receive_packet
 This function uses a non-reentrant model



MODULE INFORMATION

Module		Function		Class		Link	Load	Size
uart.c
		_put_string    		CODE           	0359	0000	34
		_uart_init     		CODE           	031E	0000	14
		_put_char      		CODE           	030E	0000	9

uart.c estimated size: 57

spi_master.c
		_spi_master_receive		CODE           	0538	0000	62
		_spi_master_send		CODE           	04FE	0000	59
		_spi_master_start		CODE           	033A	0000	32

spi_master.c estimated size: 153

protocol.c
		_receive_data_master		CODE           	0615	0000	134
		_extract_receive_packet		CODE           	0464	0000	47
		_uint16_data_set		CODE           	0492	0000	52
		_double_data_set		CODE           	04C5	0000	58
		_send_data_master		CODE           	069A	0000	160
		_flag_check    		CODE           	0575	0000	68
		_rx_packet_clear		CODE           	040E	0000	44
		_tx_packet_clear		CODE           	0439	0000	44
		_uint8_data_set		CODE           	039B	0000	37
		_sent_data_set 		CODE           	05B8	0000	94
		_uint16_to_byte_array		CODE           	03BF	0000	39
		_double_to_byte_array		CODE           	03E5	0000	42

protocol.c estimated size: 819

shared
		__stringtab    		STRING         	0003	0000	7
		__initialization		CODE           	07F4	0000	9
		uint16_to_byte_array@bit_mask		STRING         	0027	0000	3
		main@send_1    		STRING         	0000	0000	0
		main@send_2    		STRING         	0000	0000	0

shared estimated size: 19

main.c
		_main          		CODE           	0739	0000	188
		_pic_port_init 		CODE           	032B	0000	16

main.c estimated size: 204

/Applications/microchip/xc8/v1.35/sources/common/Umul16.c
		___wmul        		CODE           	037A	0000	34

/Applications/microchip/xc8/v1.35/sources/common/Umul16.c estimated size: 34

